******************************************************************************
                  TI ARM Linker PC v18.12.1                    
******************************************************************************
>> Linked Sun Jan 19 08:51:17 2020

OUTPUT FILE NAME:   <FreeRTOS_UserStory3.out>
ENTRY POINT SYMBOL: "_c_int00_noargs"  address: 000058b1


MEMORY CONFIGURATION

         name            origin    length      used     unused   attr    fill
----------------------  --------  ---------  --------  --------  ----  --------
  FLASH                 00000000   00040000  00005b60  0003a4a0  R  X
  SRAM                  20000000   00008000  00002b64  0000549c  RW X


SEGMENT ALLOCATION MAP

run origin  load origin   length   init length attrs members
----------  ----------- ---------- ----------- ----- -------
00000000    00000000    00005b60   00005b60    r-x
  00000000    00000000    0000026c   0000026c    r-- .intvecs
  0000026c    0000026c    000057b4   000057b4    r-x .text
  00005a20    00005a20    00000108   00000108    r-- .const
  00005b28    00005b28    00000038   00000038    r-- .cinit
20000000    20000000    00002b64   00000000    rw-
  20000000    20000000    00002900   00000000    rw- .bss
  20002900    20002900    00000200   00000000    rw- .stack
  20002b00    20002b00    00000064   00000000    rw- .data


SECTION ALLOCATION MAP

 output                                  attributes/
section   page    origin      length       input sections
--------  ----  ----------  ----------   ----------------
.intvecs   0    00000000    0000026c     
                  00000000    0000026c     tm4c123gh6pm_startup_ccs.obj (.intvecs)

.text      0    0000026c    000057b4     
                  0000026c    00001a04     tasks.obj (.text)
                  00001c70    00000d8e     queue.obj (.text)
                  000029fe    00000002     rtsv7M4_T_le_v4SPD16_eabi.lib : div0.asm.obj (.text)
                  00002a00    00000a4e                                   : _printfi.c.obj (.text:__TI_printfi)
                  0000344e    00000002     --HOLE-- [fill = 0]
                  00003450    000006a8     timers.obj (.text)
                  00003af8    0000035c     GPIO.obj (.text)
                  00003e54    000002b8     port.obj (.text)
                  0000410c    00000270     rtsv7M4_T_le_v4SPD16_eabi.lib : _printfi.c.obj (.text:_pconv_a)
                  0000437c    00000228     UserTasks.obj (.text)
                  000045a4    000001d0     rtsv7M4_T_le_v4SPD16_eabi.lib : _printfi.c.obj (.text:_pconv_g)
                  00004774    000001b6                                   : fd_add_t2.asm.obj (.text)
                  0000492a    00000002     --HOLE-- [fill = 0]
                  0000492c    0000013c                                   : _printfi.c.obj (.text:_pconv_e)
                  00004a68    00000136                                   : fd_div_t2.asm.obj (.text)
                  00004b9e    0000012a     list.obj (.text)
                  00004cc8    00000124     rtsv7M4_T_le_v4SPD16_eabi.lib : _printfi.c.obj (.text:fcvt)
                  00004dec    00000110                                   : s_scalbn.c.obj (.text:scalbn)
                  00004efc    000000fc                                   : fd_mul_t2.asm.obj (.text)
                  00004ff8    000000da     portasm.obj (.text)
                  000050d2    00000002     --HOLE-- [fill = 0]
                  000050d4    000000b1     rtsv7M4_T_le_v4SPD16_eabi.lib : _printfi.c.obj (.text:_ltostr)
                  00005185    00000003     --HOLE-- [fill = 0]
                  00005188    0000009c     heap_1.obj (.text)
                  00005224    0000009c     rtsv7M4_T_le_v4SPD16_eabi.lib : memcpy_t2.asm.obj (.text)
                  000052c0    00000096                                   : ull_div_t2.asm.obj (.text)
                  00005356    00000086                                   : fd_cmp_t2.asm.obj (.text:__aeabi_cdcmple)
                  000053dc    00000086                                   : fd_cmp_t2.asm.obj (.text:__aeabi_cdrcmple)
                  00005462    0000007a                                   : memset_t2.asm.obj (.text)
                  000054dc    0000006e                                   : _printfi.c.obj (.text:_mcpy)
                  0000554a    00000068                                   : copy_decompress_lzss.c.obj (.text:decompress:lzss:__TI_decompress_lzss)
                  000055b2    00000002     --HOLE-- [fill = 0]
                  000055b4    00000064                                   : s_frexp.c.obj (.text:frexp)
                  00005618    00000056                                   : _printfi.c.obj (.text:_pconv_f)
                  0000566e    00000054                                   : ltoa.c.obj (.text:ltoa)
                  000056c2    00000052                                   : _printfi.c.obj (.text:_ecpy)
                  00005714    0000004c                                   : atoi.c.obj (.text:atoi)
                  00005760    00000048                                   : fd_toi_t2.asm.obj (.text)
                  000057a8    00000044     PushButton.obj (.text)
                  000057ec    00000044     rtsv7M4_T_le_v4SPD16_eabi.lib : autoinit.c.obj (.text:__TI_auto_init_nobinit_nopinit:__TI_auto_init_nobinit_nopinit)
                  00005830    00000040                                   : sprintf.c.obj (.text:sprintf)
                  00005870    0000003e                                   : _printfi.c.obj (.text:_fcpy)
                  000058ae    00000002     --HOLE-- [fill = 0]
                  000058b0    00000034                                   : boot_cortex_m.c.obj (.text:_c_int00_noargs:_c_int00_noargs)
                  000058e4    00000030     main.obj (.text)
                  00005914    0000002e     rtsv7M4_T_le_v4SPD16_eabi.lib : i_tofd_t2.asm.obj (.text)
                  00005942    0000001c                                   : memccpy.c.obj (.text:memccpy)
                  0000595e    0000001a                                   : s_copysign.c.obj (.text:copysign)
                  00005978    00000018                                   : sprintf.c.obj (.text:_outs)
                  00005990    00000016                                   : strchr.c.obj (.text:strchr)
                  000059a6    00000014                                   : strcpy.c.obj (.text:strcpy)
                  000059ba    00000014                                   : strlen.c.obj (.text:strlen)
                  000059ce    00000012                                   : wcslen.c.obj (.text:wcslen)
                  000059e0    0000000e                                   : copy_decompress_none.c.obj (.text:decompress:none:__TI_decompress_none)
                  000059ee    0000000c                                   : copy_zero_init.c.obj (.text:decompress:ZI:__TI_zero_init)
                  000059fa    0000000c     tm4c123gh6pm_startup_ccs.obj (.text)
                  00005a06    0000000a     rtsv7M4_T_le_v4SPD16_eabi.lib : sprintf.c.obj (.text:_outc)
                  00005a10    00000008                                   : errno.c.obj (.text:__aeabi_errno_addr)
                  00005a18    00000004                                   : pre_init.c.obj (.text:_system_pre_init)
                  00005a1c    00000004                                   : exit.c.obj (.text:abort:abort)

.const     0    00005a20    00000108     
                  00005a20    00000101     rtsv7M4_T_le_v4SPD16_eabi.lib : ctype.c.obj (.const:.string:_ctypes_)
                  00005b21    00000003     --HOLE-- [fill = 0]
                  00005b24    00000004     port.obj (.const)

.cinit     0    00005b28    00000038     
                  00005b28    0000000e     (.cinit..data.load) [load image, compression = lzss]
                  00005b36    00000002     --HOLE-- [fill = 0]
                  00005b38    0000000c     (__TI_handler_table)
                  00005b44    00000004     --HOLE-- [fill = 0]
                  00005b48    00000008     (.cinit..bss.load) [load image, compression = zero_init]
                  00005b50    00000010     (__TI_cinit_table)

.init_array 
*          0    00000000    00000000     UNINITIALIZED

.bss       0    20000000    00002900     UNINITIALIZED
                  20000000    00002800     heap_1.obj (.bss:ucHeap)
                  20002800    00000064     tasks.obj (.bss:pxReadyTasksLists)
                  20002864    00000014     timers.obj (.bss:xActiveTimerList1)
                  20002878    00000014     timers.obj (.bss:xActiveTimerList2)
                  2000288c    00000014     tasks.obj (.bss:xDelayedTaskList1)
                  200028a0    00000014     tasks.obj (.bss:xDelayedTaskList2)
                  200028b4    00000014     tasks.obj (.bss:xPendingReadyList)
                  200028c8    00000014     tasks.obj (.bss:xSuspendedTaskList)
                  200028dc    00000014     tasks.obj (.bss:xTasksWaitingTermination)
                  200028f0    00000008     tasks.obj (.bss)
                  200028f8    00000008     timers.obj (.bss)

.data      0    20002b00    00000064     UNINITIALIZED
                  20002b00    00000034     tasks.obj (.data)
                  20002b34    00000010     port.obj (.data)
                  20002b44    0000000c     timers.obj (.data)
                  20002b50    00000008     UserTasks.obj (.data)
                  20002b58    00000008     heap_1.obj (.data)
                  20002b60    00000004     rtsv7M4_T_le_v4SPD16_eabi.lib : errno.c.obj (.data)

.stack     0    20002900    00000200     UNINITIALIZED
                  20002900    00000004     rtsv7M4_T_le_v4SPD16_eabi.lib : boot_cortex_m.c.obj (.stack)
                  20002904    000001fc     --HOLE--

MODULE SUMMARY

       Module                         code    ro data   rw data
       ------                         ----    -------   -------
    .\
       heap_1.obj                     156     0         10248  
       tasks.obj                      6660    0         260    
       queue.obj                      3470    0         0      
       timers.obj                     1704    0         60     
       GPIO.obj                       860     0         0      
       port.obj                       696     4         16     
       tm4c123gh6pm_startup_ccs.obj   12      620       0      
       UserTasks.obj                  552     0         8      
       list.obj                       298     0         0      
       portasm.obj                    218     0         0      
       PushButton.obj                 68      0         0      
       main.obj                       48      0         0      
    +--+------------------------------+-------+---------+---------+
       Total:                         14742   624       10592  
                                                               
    C:\ti\ccs901\ccs\tools\compiler\ti-cgt-arm_18.12.1.LTS\lib\rtsv7M4_T_le_v4SPD16_eabi.lib
       _printfi.c.obj                 4851    0         0      
       fd_add_t2.asm.obj              438     0         0      
       fd_div_t2.asm.obj              310     0         0      
       s_scalbn.c.obj                 272     0         0      
       fd_cmp_t2.asm.obj              268     0         0      
       ctype.c.obj                    0       257       0      
       fd_mul_t2.asm.obj              252     0         0      
       memcpy_t2.asm.obj              156     0         0      
       ull_div_t2.asm.obj             150     0         0      
       memset_t2.asm.obj              122     0         0      
       copy_decompress_lzss.c.obj     104     0         0      
       s_frexp.c.obj                  100     0         0      
       sprintf.c.obj                  98      0         0      
       ltoa.c.obj                     84      0         0      
       atoi.c.obj                     76      0         0      
       fd_toi_t2.asm.obj              72      0         0      
       autoinit.c.obj                 68      0         0      
       boot_cortex_m.c.obj            52      0         0      
       i_tofd_t2.asm.obj              46      0         0      
       memccpy.c.obj                  28      0         0      
       s_copysign.c.obj               26      0         0      
       strchr.c.obj                   22      0         0      
       strcpy.c.obj                   20      0         0      
       strlen.c.obj                   20      0         0      
       wcslen.c.obj                   18      0         0      
       copy_decompress_none.c.obj     14      0         0      
       copy_zero_init.c.obj           12      0         0      
       errno.c.obj                    8       0         4      
       exit.c.obj                     4       0         0      
       pre_init.c.obj                 4       0         0      
       div0.asm.obj                   2       0         0      
    +--+------------------------------+-------+---------+---------+
       Total:                         7697    257       4      
                                                               
       Stack:                         0       0         512    
       Linker Generated:              0       50        0      
    +--+------------------------------+-------+---------+---------+
       Grand Total:                   22439   931       11108  


LINKER GENERATED COPY TABLES

__TI_cinit_table @ 00005b50 records: 2, size/record: 8, table size: 16
	.data: load addr=00005b28, load size=0000000e bytes, run addr=20002b00, run size=00000064 bytes, compression=lzss
	.bss: load addr=00005b48, load size=00000008 bytes, run addr=20000000, run size=00002900 bytes, compression=zero_init


LINKER GENERATED HANDLER TABLE

__TI_handler_table @ 00005b38 records: 3, size/record: 4, table size: 12
	index: 0, handler: __TI_decompress_lzss
	index: 1, handler: __TI_decompress_none
	index: 2, handler: __TI_zero_init


GLOBAL SYMBOLS: SORTED ALPHABETICALLY BY Name 

address   name                               
-------   ----                               
000043b3  All_Hardware_Init_Task             
00003cbb  Alternate_GPIO_Select              
000057b9  Buttons_getPressedButton           
00005a1d  C$$EXIT                            
00003dd7  GPIO_ReadPin                       
00003af9  GPIO_SetPinDirection               
00003dfb  GPIO_UnlockPin                     
00003d91  GPIO_WritePin                      
20002b50  InitTask_Flag                      
000057a9  PushButton_Init                    
000043d1  PushButton_Task                    
000059fb  ResetISR                           
20002b00  __STACK_END                        
00000200  __STACK_SIZE                       
20002b00  __STACK_TOP                        
00005b50  __TI_CINIT_Base                    
00005b60  __TI_CINIT_Limit                   
00005b38  __TI_Handler_Table_Base            
00005b44  __TI_Handler_Table_Limit           
000057ed  __TI_auto_init_nobinit_nopinit     
0000554b  __TI_decompress_lzss               
000059e1  __TI_decompress_none               
ffffffff  __TI_pprof_out_hndl                
00002a01  __TI_printfi                       
ffffffff  __TI_prof_data_size                
ffffffff  __TI_prof_data_start               
00000000  __TI_static_base__                 
000059ef  __TI_zero_init                     
00005357  __aeabi_cdcmpeq                    
00005357  __aeabi_cdcmple                    
000053dd  __aeabi_cdrcmple                   
00005761  __aeabi_d2iz                       
0000477f  __aeabi_dadd                       
00004a69  __aeabi_ddiv                       
00004efd  __aeabi_dmul                       
00004775  __aeabi_dsub                       
00005a11  __aeabi_errno_addr                 
00005915  __aeabi_i2d                        
000029ff  __aeabi_idiv0                      
000029ff  __aeabi_ldiv0                      
00005463  __aeabi_memclr                     
00005463  __aeabi_memclr4                    
00005463  __aeabi_memclr8                    
00005225  __aeabi_memcpy                     
00005225  __aeabi_memcpy4                    
00005225  __aeabi_memcpy8                    
00005465  __aeabi_memset                     
00005465  __aeabi_memset4                    
00005465  __aeabi_memset8                    
000052c1  __aeabi_uldivmod                   
ffffffff  __binit__                          
ffffffff  __c_args__                         
UNDEFED   __mpu_init                         
20002900  __stack                            
000058b1  _c_int00_noargs                    
00005a20  _ctypes_                           
UNDEFED   _system_post_cinit                 
00005a19  _system_pre_init                   
00005a1d  abort                              
00005715  atoi                               
ffffffff  binit                              
0000595f  copysign                           
0000595f  copysignl                          
000010a1  eTaskConfirmSleepModeStatus        
000005dd  eTaskGetState                      
20002b60  errno                              
000055b5  frexp                              
000055b5  frexpl                             
00000000  g_pfnVectors                       
0000437d  init_Task                          
00004ded  ldexp                              
00004ded  ldexpl                             
0000566f  ltoa                               
000058e5  main                               
00005943  memccpy                            
00005225  memcpy                             
0000546b  memset                             
00000b67  pcTaskGetName                      
000035d3  pcTimerGetName                     
00005189  pvPortMalloc                       
00001799  pvTaskIncrementMutexHeldCount      
00003a25  pvTimerGetTimerID                  
20002b00  pxCurrentTCB                       
00003e55  pxPortInitialiseStack              
00004ded  scalbn                             
00004ded  scalbnl                            
00005831  sprintf                            
00005991  strchr                             
000059a7  strcpy                             
000059bb  strlen                             
000025fd  ucQueueGetQueueType                
00005b24  ulMaxSyscallInterruptPriority      
00005009  ulPortGetIPSR                      
000017b1  ulTaskNotifyTake                   
00004c81  uxListRemove                       
000025dd  uxQueueGetQueueNumber              
0000257b  uxQueueMessagesWaiting             
000025b1  uxQueueMessagesWaitingFromISR      
00002591  uxQueueSpacesAvailable             
00000b61  uxTaskGetNumberOfTasks             
00000b9d  uxTaskGetSystemState               
00001019  uxTaskGetTaskNumber                
0000068d  uxTaskPriorityGet                  
000006b9  uxTaskPriorityGetFromISR           
00001777  uxTaskResetEventItemValue          
00003ac5  uxTimerGetTimerNumber              
00004b9f  vListInitialise                    
00004bcf  vListInitialiseItem                
00004c1b  vListInsert                        
00004bdf  vListInsertEnd                     
000050c5  vPortEnableVFP                     
00003ef5  vPortEndScheduler                  
00003ef7  vPortEnterCritical                 
00003f17  vPortExitCritical                  
000051f9  vPortFree                          
00005203  vPortInitialiseBlocks              
00005081  vPortSVCHandler                    
000040a5  vPortSetupTimerInterrupt           
000050a1  vPortStartFirstTask                
00003f53  vPortSuppressTicksAndSleep         
000025cd  vQueueDelete                       
000025eb  vQueueSetQueueNumber               
0000287b  vQueueWaitForMessageRestricted     
000005a3  vTaskDelay                         
00000513  vTaskDelayUntil                    
00000465  vTaskDelete                        
000009e1  vTaskEndScheduler                  
00001185  vTaskGetInfo                       
00000f6b  vTaskInternalSetTimeOutState       
00001665  vTaskList                          
0000100b  vTaskMissedYield                   
00001ac9  vTaskNotifyGiveFromISR             
00000ddf  vTaskPlaceOnEventList              
00000e2b  vTaskPlaceOnEventListRestricted    
00000e01  vTaskPlaceOnUnorderedEventList     
00001541  vTaskPriorityDisinheritAfterTimeout
00000705  vTaskPrioritySet                   
00000ee5  vTaskRemoveFromUnorderedEventList  
00000925  vTaskResume                        
00001041  vTaskSetTaskNumber                 
00000f4d  vTaskSetTimeOutState               
0000098b  vTaskStartScheduler                
00000c79  vTaskStepTick                      
00000811  vTaskSuspend                       
000009fd  vTaskSuspendAll                    
00000d7d  vTaskSwitchContext                 
00003587  vTimerSetReloadMode                
00003a3f  vTimerSetTimerID                   
00003ad3  vTimerSetTimerNumber               
000059cf  wcslen                             
0000520b  xPortGetFreeHeapSize               
00005021  xPortPendSVHandler                 
00003ebf  xPortStartScheduler                
00003f2d  xPortSysTickHandler                
000028eb  xQueueAddToSet                     
00001e71  xQueueCreateCountingSemaphore      
00001dc5  xQueueCreateMutex                  
000028d7  xQueueCreateSet                    
00001d01  xQueueGenericCreate                
00001c71  xQueueGenericReset                 
00001e91  xQueueGenericSend                  
00001fbf  xQueueGenericSendFromISR           
00002077  xQueueGiveFromISR                  
00001df1  xQueueGiveMutexRecursive           
0000280f  xQueueIsQueueEmptyFromISR          
00002855  xQueueIsQueueFullFromISR           
00002381  xQueuePeek                         
00002529  xQueuePeekFromISR                  
00002127  xQueueReceive                      
0000248f  xQueueReceiveFromISR               
0000291f  xQueueRemoveFromSet                
00002961  xQueueSelectFromSet                
00002979  xQueueSelectFromSetFromISR         
00002235  xQueueSemaphoreTake                
00001e2d  xQueueTakeMutexRecursive           
00000f8d  xTaskCheckForTimeOut               
0000026d  xTaskCreate                        
000018d1  xTaskGenericNotify                 
000019c1  xTaskGenericNotifyFromISR          
0000135d  xTaskGetCurrentTaskHandle          
00001379  xTaskGetSchedulerState             
00000b3d  xTaskGetTickCount                  
00000b4d  xTaskGetTickCountFromISR           
00000c99  xTaskIncrementTick                 
00001b75  xTaskNotifyStateClear              
00001829  xTaskNotifyWait                    
0000149d  xTaskPriorityDisinherit            
000013bd  xTaskPriorityInherit               
00000e5d  xTaskRemoveFromEventList           
00000a69  xTaskResumeAll                     
0000347b  xTimerCreate                       
00003451  xTimerCreateTimerTask              
00003503  xTimerGenericCommand               
000035bd  xTimerGetExpiryTime                
00003575  xTimerGetPeriod                    
0000356f  xTimerGetTimerDaemonTaskHandle     
000039fd  xTimerIsTimerActive                
00003a8f  xTimerPendFunctionCall             
00003a59  xTimerPendFunctionCallFromISR      


GLOBAL SYMBOLS: SORTED BY Symbol Address 

address   name                               
-------   ----                               
00000000  __TI_static_base__                 
00000000  g_pfnVectors                       
00000200  __STACK_SIZE                       
0000026d  xTaskCreate                        
00000465  vTaskDelete                        
00000513  vTaskDelayUntil                    
000005a3  vTaskDelay                         
000005dd  eTaskGetState                      
0000068d  uxTaskPriorityGet                  
000006b9  uxTaskPriorityGetFromISR           
00000705  vTaskPrioritySet                   
00000811  vTaskSuspend                       
00000925  vTaskResume                        
0000098b  vTaskStartScheduler                
000009e1  vTaskEndScheduler                  
000009fd  vTaskSuspendAll                    
00000a69  xTaskResumeAll                     
00000b3d  xTaskGetTickCount                  
00000b4d  xTaskGetTickCountFromISR           
00000b61  uxTaskGetNumberOfTasks             
00000b67  pcTaskGetName                      
00000b9d  uxTaskGetSystemState               
00000c79  vTaskStepTick                      
00000c99  xTaskIncrementTick                 
00000d7d  vTaskSwitchContext                 
00000ddf  vTaskPlaceOnEventList              
00000e01  vTaskPlaceOnUnorderedEventList     
00000e2b  vTaskPlaceOnEventListRestricted    
00000e5d  xTaskRemoveFromEventList           
00000ee5  vTaskRemoveFromUnorderedEventList  
00000f4d  vTaskSetTimeOutState               
00000f6b  vTaskInternalSetTimeOutState       
00000f8d  xTaskCheckForTimeOut               
0000100b  vTaskMissedYield                   
00001019  uxTaskGetTaskNumber                
00001041  vTaskSetTaskNumber                 
000010a1  eTaskConfirmSleepModeStatus        
00001185  vTaskGetInfo                       
0000135d  xTaskGetCurrentTaskHandle          
00001379  xTaskGetSchedulerState             
000013bd  xTaskPriorityInherit               
0000149d  xTaskPriorityDisinherit            
00001541  vTaskPriorityDisinheritAfterTimeout
00001665  vTaskList                          
00001777  uxTaskResetEventItemValue          
00001799  pvTaskIncrementMutexHeldCount      
000017b1  ulTaskNotifyTake                   
00001829  xTaskNotifyWait                    
000018d1  xTaskGenericNotify                 
000019c1  xTaskGenericNotifyFromISR          
00001ac9  vTaskNotifyGiveFromISR             
00001b75  xTaskNotifyStateClear              
00001c71  xQueueGenericReset                 
00001d01  xQueueGenericCreate                
00001dc5  xQueueCreateMutex                  
00001df1  xQueueGiveMutexRecursive           
00001e2d  xQueueTakeMutexRecursive           
00001e71  xQueueCreateCountingSemaphore      
00001e91  xQueueGenericSend                  
00001fbf  xQueueGenericSendFromISR           
00002077  xQueueGiveFromISR                  
00002127  xQueueReceive                      
00002235  xQueueSemaphoreTake                
00002381  xQueuePeek                         
0000248f  xQueueReceiveFromISR               
00002529  xQueuePeekFromISR                  
0000257b  uxQueueMessagesWaiting             
00002591  uxQueueSpacesAvailable             
000025b1  uxQueueMessagesWaitingFromISR      
000025cd  vQueueDelete                       
000025dd  uxQueueGetQueueNumber              
000025eb  vQueueSetQueueNumber               
000025fd  ucQueueGetQueueType                
0000280f  xQueueIsQueueEmptyFromISR          
00002855  xQueueIsQueueFullFromISR           
0000287b  vQueueWaitForMessageRestricted     
000028d7  xQueueCreateSet                    
000028eb  xQueueAddToSet                     
0000291f  xQueueRemoveFromSet                
00002961  xQueueSelectFromSet                
00002979  xQueueSelectFromSetFromISR         
000029ff  __aeabi_idiv0                      
000029ff  __aeabi_ldiv0                      
00002a01  __TI_printfi                       
00003451  xTimerCreateTimerTask              
0000347b  xTimerCreate                       
00003503  xTimerGenericCommand               
0000356f  xTimerGetTimerDaemonTaskHandle     
00003575  xTimerGetPeriod                    
00003587  vTimerSetReloadMode                
000035bd  xTimerGetExpiryTime                
000035d3  pcTimerGetName                     
000039fd  xTimerIsTimerActive                
00003a25  pvTimerGetTimerID                  
00003a3f  vTimerSetTimerID                   
00003a59  xTimerPendFunctionCallFromISR      
00003a8f  xTimerPendFunctionCall             
00003ac5  uxTimerGetTimerNumber              
00003ad3  vTimerSetTimerNumber               
00003af9  GPIO_SetPinDirection               
00003cbb  Alternate_GPIO_Select              
00003d91  GPIO_WritePin                      
00003dd7  GPIO_ReadPin                       
00003dfb  GPIO_UnlockPin                     
00003e55  pxPortInitialiseStack              
00003ebf  xPortStartScheduler                
00003ef5  vPortEndScheduler                  
00003ef7  vPortEnterCritical                 
00003f17  vPortExitCritical                  
00003f2d  xPortSysTickHandler                
00003f53  vPortSuppressTicksAndSleep         
000040a5  vPortSetupTimerInterrupt           
0000437d  init_Task                          
000043b3  All_Hardware_Init_Task             
000043d1  PushButton_Task                    
00004775  __aeabi_dsub                       
0000477f  __aeabi_dadd                       
00004a69  __aeabi_ddiv                       
00004b9f  vListInitialise                    
00004bcf  vListInitialiseItem                
00004bdf  vListInsertEnd                     
00004c1b  vListInsert                        
00004c81  uxListRemove                       
00004ded  ldexp                              
00004ded  ldexpl                             
00004ded  scalbn                             
00004ded  scalbnl                            
00004efd  __aeabi_dmul                       
00005009  ulPortGetIPSR                      
00005021  xPortPendSVHandler                 
00005081  vPortSVCHandler                    
000050a1  vPortStartFirstTask                
000050c5  vPortEnableVFP                     
00005189  pvPortMalloc                       
000051f9  vPortFree                          
00005203  vPortInitialiseBlocks              
0000520b  xPortGetFreeHeapSize               
00005225  __aeabi_memcpy                     
00005225  __aeabi_memcpy4                    
00005225  __aeabi_memcpy8                    
00005225  memcpy                             
000052c1  __aeabi_uldivmod                   
00005357  __aeabi_cdcmpeq                    
00005357  __aeabi_cdcmple                    
000053dd  __aeabi_cdrcmple                   
00005463  __aeabi_memclr                     
00005463  __aeabi_memclr4                    
00005463  __aeabi_memclr8                    
00005465  __aeabi_memset                     
00005465  __aeabi_memset4                    
00005465  __aeabi_memset8                    
0000546b  memset                             
0000554b  __TI_decompress_lzss               
000055b5  frexp                              
000055b5  frexpl                             
0000566f  ltoa                               
00005715  atoi                               
00005761  __aeabi_d2iz                       
000057a9  PushButton_Init                    
000057b9  Buttons_getPressedButton           
000057ed  __TI_auto_init_nobinit_nopinit     
00005831  sprintf                            
000058b1  _c_int00_noargs                    
000058e5  main                               
00005915  __aeabi_i2d                        
00005943  memccpy                            
0000595f  copysign                           
0000595f  copysignl                          
00005991  strchr                             
000059a7  strcpy                             
000059bb  strlen                             
000059cf  wcslen                             
000059e1  __TI_decompress_none               
000059ef  __TI_zero_init                     
000059fb  ResetISR                           
00005a11  __aeabi_errno_addr                 
00005a19  _system_pre_init                   
00005a1d  C$$EXIT                            
00005a1d  abort                              
00005a20  _ctypes_                           
00005b24  ulMaxSyscallInterruptPriority      
00005b38  __TI_Handler_Table_Base            
00005b44  __TI_Handler_Table_Limit           
00005b50  __TI_CINIT_Base                    
00005b60  __TI_CINIT_Limit                   
20002900  __stack                            
20002b00  __STACK_END                        
20002b00  __STACK_TOP                        
20002b00  pxCurrentTCB                       
20002b50  InitTask_Flag                      
20002b60  errno                              
ffffffff  __TI_pprof_out_hndl                
ffffffff  __TI_prof_data_size                
ffffffff  __TI_prof_data_start               
ffffffff  __binit__                          
ffffffff  __c_args__                         
ffffffff  binit                              
UNDEFED   __mpu_init                         
UNDEFED   _system_post_cinit                 

[199 symbols]
