<?xml version="1.0" encoding="ISO-8859-1" ?>
<link_info>
   <banner>TI ARM Linker PC v18.12.1.LTS</banner>
   <copyright>Copyright (c) 1996-2018 Texas Instruments Incorporated</copyright>
   <link_time>0x5e23fc65</link_time>
   <link_errors>0x0</link_errors>
   <output_file>FreeRTOS_UserStory3.out</output_file>
   <entry_point>
      <name>_c_int00_noargs</name>
      <address>0x58b1</address>
   </entry_point>
   <input_file_list>
      <input_file id="fl-2">
         <path>.\</path>
         <kind>object</kind>
         <file>GPIO.obj</file>
         <name>GPIO.obj</name>
      </input_file>
      <input_file id="fl-3">
         <path>.\</path>
         <kind>object</kind>
         <file>PushButton.obj</file>
         <name>PushButton.obj</name>
      </input_file>
      <input_file id="fl-4">
         <path>.\</path>
         <kind>object</kind>
         <file>UserTasks.obj</file>
         <name>UserTasks.obj</name>
      </input_file>
      <input_file id="fl-5">
         <path>.\</path>
         <kind>object</kind>
         <file>croutine.obj</file>
         <name>croutine.obj</name>
      </input_file>
      <input_file id="fl-6">
         <path>.\</path>
         <kind>object</kind>
         <file>event_groups.obj</file>
         <name>event_groups.obj</name>
      </input_file>
      <input_file id="fl-7">
         <path>.\</path>
         <kind>object</kind>
         <file>heap_1.obj</file>
         <name>heap_1.obj</name>
      </input_file>
      <input_file id="fl-8">
         <path>.\</path>
         <kind>object</kind>
         <file>list.obj</file>
         <name>list.obj</name>
      </input_file>
      <input_file id="fl-9">
         <path>.\</path>
         <kind>object</kind>
         <file>main.obj</file>
         <name>main.obj</name>
      </input_file>
      <input_file id="fl-a">
         <path>.\</path>
         <kind>object</kind>
         <file>port.obj</file>
         <name>port.obj</name>
      </input_file>
      <input_file id="fl-b">
         <path>.\</path>
         <kind>object</kind>
         <file>portasm.obj</file>
         <name>portasm.obj</name>
      </input_file>
      <input_file id="fl-c">
         <path>.\</path>
         <kind>object</kind>
         <file>queue.obj</file>
         <name>queue.obj</name>
      </input_file>
      <input_file id="fl-d">
         <path>.\</path>
         <kind>object</kind>
         <file>stream_buffer.obj</file>
         <name>stream_buffer.obj</name>
      </input_file>
      <input_file id="fl-e">
         <path>.\</path>
         <kind>object</kind>
         <file>tasks.obj</file>
         <name>tasks.obj</name>
      </input_file>
      <input_file id="fl-f">
         <path>.\</path>
         <kind>object</kind>
         <file>timers.obj</file>
         <name>timers.obj</name>
      </input_file>
      <input_file id="fl-10">
         <path>.\</path>
         <kind>object</kind>
         <file>tm4c123gh6pm_startup_ccs.obj</file>
         <name>tm4c123gh6pm_startup_ccs.obj</name>
      </input_file>
      <input_file id="fl-14">
         <kind>object</kind>
         <file>&lt;internal&gt;</file>
         <name>&lt;internal&gt;</name>
      </input_file>
      <input_file id="fl-ca">
         <path>C:\ti\ccs901\ccs\tools\compiler\ti-cgt-arm_18.12.1.LTS\lib\</path>
         <kind>archive</kind>
         <file>rtsv7M4_T_le_v4SPD16_eabi.lib</file>
         <name>sprintf.c.obj</name>
      </input_file>
      <input_file id="fl-cb">
         <path>C:\ti\ccs901\ccs\tools\compiler\ti-cgt-arm_18.12.1.LTS\lib\</path>
         <kind>archive</kind>
         <file>rtsv7M4_T_le_v4SPD16_eabi.lib</file>
         <name>memcpy_t2.asm.obj</name>
      </input_file>
      <input_file id="fl-cc">
         <path>C:\ti\ccs901\ccs\tools\compiler\ti-cgt-arm_18.12.1.LTS\lib\</path>
         <kind>archive</kind>
         <file>rtsv7M4_T_le_v4SPD16_eabi.lib</file>
         <name>memset_t2.asm.obj</name>
      </input_file>
      <input_file id="fl-cd">
         <path>C:\ti\ccs901\ccs\tools\compiler\ti-cgt-arm_18.12.1.LTS\lib\</path>
         <kind>archive</kind>
         <file>rtsv7M4_T_le_v4SPD16_eabi.lib</file>
         <name>copy_zero_init.c.obj</name>
      </input_file>
      <input_file id="fl-ce">
         <path>C:\ti\ccs901\ccs\tools\compiler\ti-cgt-arm_18.12.1.LTS\lib\</path>
         <kind>archive</kind>
         <file>rtsv7M4_T_le_v4SPD16_eabi.lib</file>
         <name>copy_decompress_none.c.obj</name>
      </input_file>
      <input_file id="fl-cf">
         <path>C:\ti\ccs901\ccs\tools\compiler\ti-cgt-arm_18.12.1.LTS\lib\</path>
         <kind>archive</kind>
         <file>rtsv7M4_T_le_v4SPD16_eabi.lib</file>
         <name>copy_decompress_lzss.c.obj</name>
      </input_file>
      <input_file id="fl-d0">
         <path>C:\ti\ccs901\ccs\tools\compiler\ti-cgt-arm_18.12.1.LTS\lib\</path>
         <kind>archive</kind>
         <file>rtsv7M4_T_le_v4SPD16_eabi.lib</file>
         <name>strcpy.c.obj</name>
      </input_file>
      <input_file id="fl-d1">
         <path>C:\ti\ccs901\ccs\tools\compiler\ti-cgt-arm_18.12.1.LTS\lib\</path>
         <kind>archive</kind>
         <file>rtsv7M4_T_le_v4SPD16_eabi.lib</file>
         <name>strlen.c.obj</name>
      </input_file>
      <input_file id="fl-d2">
         <path>C:\ti\ccs901\ccs\tools\compiler\ti-cgt-arm_18.12.1.LTS\lib\</path>
         <kind>archive</kind>
         <file>rtsv7M4_T_le_v4SPD16_eabi.lib</file>
         <name>boot_cortex_m.c.obj</name>
      </input_file>
      <input_file id="fl-d3">
         <path>C:\ti\ccs901\ccs\tools\compiler\ti-cgt-arm_18.12.1.LTS\lib\</path>
         <kind>archive</kind>
         <file>rtsv7M4_T_le_v4SPD16_eabi.lib</file>
         <name>_printfi.c.obj</name>
      </input_file>
      <input_file id="fl-d4">
         <path>C:\ti\ccs901\ccs\tools\compiler\ti-cgt-arm_18.12.1.LTS\lib\</path>
         <kind>archive</kind>
         <file>rtsv7M4_T_le_v4SPD16_eabi.lib</file>
         <name>s_frexp.c.obj</name>
      </input_file>
      <input_file id="fl-d5">
         <path>C:\ti\ccs901\ccs\tools\compiler\ti-cgt-arm_18.12.1.LTS\lib\</path>
         <kind>archive</kind>
         <file>rtsv7M4_T_le_v4SPD16_eabi.lib</file>
         <name>s_scalbn.c.obj</name>
      </input_file>
      <input_file id="fl-d6">
         <path>C:\ti\ccs901\ccs\tools\compiler\ti-cgt-arm_18.12.1.LTS\lib\</path>
         <kind>archive</kind>
         <file>rtsv7M4_T_le_v4SPD16_eabi.lib</file>
         <name>s_copysign.c.obj</name>
      </input_file>
      <input_file id="fl-d7">
         <path>C:\ti\ccs901\ccs\tools\compiler\ti-cgt-arm_18.12.1.LTS\lib\</path>
         <kind>archive</kind>
         <file>rtsv7M4_T_le_v4SPD16_eabi.lib</file>
         <name>ull_div_t2.asm.obj</name>
      </input_file>
      <input_file id="fl-d8">
         <path>C:\ti\ccs901\ccs\tools\compiler\ti-cgt-arm_18.12.1.LTS\lib\</path>
         <kind>archive</kind>
         <file>rtsv7M4_T_le_v4SPD16_eabi.lib</file>
         <name>fd_add_t2.asm.obj</name>
      </input_file>
      <input_file id="fl-d9">
         <path>C:\ti\ccs901\ccs\tools\compiler\ti-cgt-arm_18.12.1.LTS\lib\</path>
         <kind>archive</kind>
         <file>rtsv7M4_T_le_v4SPD16_eabi.lib</file>
         <name>fd_cmp_t2.asm.obj</name>
      </input_file>
      <input_file id="fl-da">
         <path>C:\ti\ccs901\ccs\tools\compiler\ti-cgt-arm_18.12.1.LTS\lib\</path>
         <kind>archive</kind>
         <file>rtsv7M4_T_le_v4SPD16_eabi.lib</file>
         <name>fd_div_t2.asm.obj</name>
      </input_file>
      <input_file id="fl-db">
         <path>C:\ti\ccs901\ccs\tools\compiler\ti-cgt-arm_18.12.1.LTS\lib\</path>
         <kind>archive</kind>
         <file>rtsv7M4_T_le_v4SPD16_eabi.lib</file>
         <name>fd_mul_t2.asm.obj</name>
      </input_file>
      <input_file id="fl-dc">
         <path>C:\ti\ccs901\ccs\tools\compiler\ti-cgt-arm_18.12.1.LTS\lib\</path>
         <kind>archive</kind>
         <file>rtsv7M4_T_le_v4SPD16_eabi.lib</file>
         <name>fd_toi_t2.asm.obj</name>
      </input_file>
      <input_file id="fl-dd">
         <path>C:\ti\ccs901\ccs\tools\compiler\ti-cgt-arm_18.12.1.LTS\lib\</path>
         <kind>archive</kind>
         <file>rtsv7M4_T_le_v4SPD16_eabi.lib</file>
         <name>i_tofd_t2.asm.obj</name>
      </input_file>
      <input_file id="fl-de">
         <path>C:\ti\ccs901\ccs\tools\compiler\ti-cgt-arm_18.12.1.LTS\lib\</path>
         <kind>archive</kind>
         <file>rtsv7M4_T_le_v4SPD16_eabi.lib</file>
         <name>autoinit.c.obj</name>
      </input_file>
      <input_file id="fl-df">
         <path>C:\ti\ccs901\ccs\tools\compiler\ti-cgt-arm_18.12.1.LTS\lib\</path>
         <kind>archive</kind>
         <file>rtsv7M4_T_le_v4SPD16_eabi.lib</file>
         <name>pre_init.c.obj</name>
      </input_file>
      <input_file id="fl-e0">
         <path>C:\ti\ccs901\ccs\tools\compiler\ti-cgt-arm_18.12.1.LTS\lib\</path>
         <kind>archive</kind>
         <file>rtsv7M4_T_le_v4SPD16_eabi.lib</file>
         <name>cpy_tbl.c.obj</name>
      </input_file>
      <input_file id="fl-e1">
         <path>C:\ti\ccs901\ccs\tools\compiler\ti-cgt-arm_18.12.1.LTS\lib\</path>
         <kind>archive</kind>
         <file>rtsv7M4_T_le_v4SPD16_eabi.lib</file>
         <name>exit.c.obj</name>
      </input_file>
      <input_file id="fl-e2">
         <path>C:\ti\ccs901\ccs\tools\compiler\ti-cgt-arm_18.12.1.LTS\lib\</path>
         <kind>archive</kind>
         <file>rtsv7M4_T_le_v4SPD16_eabi.lib</file>
         <name>_lock.c.obj</name>
      </input_file>
      <input_file id="fl-e3">
         <path>C:\ti\ccs901\ccs\tools\compiler\ti-cgt-arm_18.12.1.LTS\lib\</path>
         <kind>archive</kind>
         <file>rtsv7M4_T_le_v4SPD16_eabi.lib</file>
         <name>args_main.c.obj</name>
      </input_file>
      <input_file id="fl-e4">
         <path>C:\ti\ccs901\ccs\tools\compiler\ti-cgt-arm_18.12.1.LTS\lib\</path>
         <kind>archive</kind>
         <file>rtsv7M4_T_le_v4SPD16_eabi.lib</file>
         <name>atoi.c.obj</name>
      </input_file>
      <input_file id="fl-e5">
         <path>C:\ti\ccs901\ccs\tools\compiler\ti-cgt-arm_18.12.1.LTS\lib\</path>
         <kind>archive</kind>
         <file>rtsv7M4_T_le_v4SPD16_eabi.lib</file>
         <name>ctype.c.obj</name>
      </input_file>
      <input_file id="fl-e6">
         <path>C:\ti\ccs901\ccs\tools\compiler\ti-cgt-arm_18.12.1.LTS\lib\</path>
         <kind>archive</kind>
         <file>rtsv7M4_T_le_v4SPD16_eabi.lib</file>
         <name>ltoa.c.obj</name>
      </input_file>
      <input_file id="fl-e7">
         <path>C:\ti\ccs901\ccs\tools\compiler\ti-cgt-arm_18.12.1.LTS\lib\</path>
         <kind>archive</kind>
         <file>rtsv7M4_T_le_v4SPD16_eabi.lib</file>
         <name>memccpy.c.obj</name>
      </input_file>
      <input_file id="fl-e8">
         <path>C:\ti\ccs901\ccs\tools\compiler\ti-cgt-arm_18.12.1.LTS\lib\</path>
         <kind>archive</kind>
         <file>rtsv7M4_T_le_v4SPD16_eabi.lib</file>
         <name>strchr.c.obj</name>
      </input_file>
      <input_file id="fl-e9">
         <path>C:\ti\ccs901\ccs\tools\compiler\ti-cgt-arm_18.12.1.LTS\lib\</path>
         <kind>archive</kind>
         <file>rtsv7M4_T_le_v4SPD16_eabi.lib</file>
         <name>errno.c.obj</name>
      </input_file>
      <input_file id="fl-ea">
         <path>C:\ti\ccs901\ccs\tools\compiler\ti-cgt-arm_18.12.1.LTS\lib\</path>
         <kind>archive</kind>
         <file>rtsv7M4_T_le_v4SPD16_eabi.lib</file>
         <name>wcslen.c.obj</name>
      </input_file>
      <input_file id="fl-eb">
         <path>C:\ti\ccs901\ccs\tools\compiler\ti-cgt-arm_18.12.1.LTS\lib\</path>
         <kind>archive</kind>
         <file>rtsv7M4_T_le_v4SPD16_eabi.lib</file>
         <name>div0.asm.obj</name>
      </input_file>
   </input_file_list>
   <object_component_list>
      <object_component id="oc-f">
         <name>.intvecs</name>
         <load_address>0x0</load_address>
         <run_address>0x0</run_address>
         <size>0x26c</size>
         <input_file_ref idref="fl-10"/>
      </object_component>
      <object_component id="oc-7c">
         <name>.text</name>
         <load_address>0x26c</load_address>
         <run_address>0x26c</run_address>
         <size>0x1a04</size>
         <input_file_ref idref="fl-e"/>
      </object_component>
      <object_component id="oc-1b4">
         <name>.text</name>
         <load_address>0x1c70</load_address>
         <run_address>0x1c70</run_address>
         <size>0xd8e</size>
         <input_file_ref idref="fl-c"/>
      </object_component>
      <object_component id="oc-35d">
         <name>.text</name>
         <load_address>0x29fe</load_address>
         <run_address>0x29fe</run_address>
         <size>0x2</size>
         <input_file_ref idref="fl-eb"/>
      </object_component>
      <object_component id="oc-1dc">
         <name>.text:__TI_printfi</name>
         <load_address>0x2a00</load_address>
         <run_address>0x2a00</run_address>
         <size>0xa4e</size>
         <input_file_ref idref="fl-d3"/>
      </object_component>
      <object_component id="oc-f3">
         <name>.text</name>
         <load_address>0x3450</load_address>
         <run_address>0x3450</run_address>
         <size>0x6a8</size>
         <input_file_ref idref="fl-f"/>
      </object_component>
      <object_component id="oc-202">
         <name>.text</name>
         <load_address>0x3af8</load_address>
         <run_address>0x3af8</run_address>
         <size>0x35c</size>
         <input_file_ref idref="fl-2"/>
      </object_component>
      <object_component id="oc-2f">
         <name>.text</name>
         <load_address>0x3e54</load_address>
         <run_address>0x3e54</run_address>
         <size>0x2b8</size>
         <input_file_ref idref="fl-a"/>
      </object_component>
      <object_component id="oc-26e">
         <name>.text:_pconv_a</name>
         <load_address>0x410c</load_address>
         <run_address>0x410c</run_address>
         <size>0x270</size>
         <input_file_ref idref="fl-d3"/>
      </object_component>
      <object_component id="oc-14c">
         <name>.text</name>
         <load_address>0x437c</load_address>
         <run_address>0x437c</run_address>
         <size>0x228</size>
         <input_file_ref idref="fl-4"/>
      </object_component>
      <object_component id="oc-25c">
         <name>.text:_pconv_g</name>
         <load_address>0x45a4</load_address>
         <run_address>0x45a4</run_address>
         <size>0x1d0</size>
         <input_file_ref idref="fl-d3"/>
      </object_component>
      <object_component id="oc-2f7">
         <name>.text</name>
         <load_address>0x4774</load_address>
         <run_address>0x4774</run_address>
         <size>0x1b6</size>
         <input_file_ref idref="fl-d8"/>
      </object_component>
      <object_component id="oc-268">
         <name>.text:_pconv_e</name>
         <load_address>0x492c</load_address>
         <run_address>0x492c</run_address>
         <size>0x13c</size>
         <input_file_ref idref="fl-d3"/>
      </object_component>
      <object_component id="oc-2dd">
         <name>.text</name>
         <load_address>0x4a68</load_address>
         <run_address>0x4a68</run_address>
         <size>0x136</size>
         <input_file_ref idref="fl-da"/>
      </object_component>
      <object_component id="oc-e1">
         <name>.text</name>
         <load_address>0x4b9e</load_address>
         <run_address>0x4b9e</run_address>
         <size>0x12a</size>
         <input_file_ref idref="fl-8"/>
      </object_component>
      <object_component id="oc-309">
         <name>.text:fcvt</name>
         <load_address>0x4cc8</load_address>
         <run_address>0x4cc8</run_address>
         <size>0x124</size>
         <input_file_ref idref="fl-d3"/>
      </object_component>
      <object_component id="oc-31d">
         <name>.text:scalbn</name>
         <load_address>0x4dec</load_address>
         <run_address>0x4dec</run_address>
         <size>0x110</size>
         <input_file_ref idref="fl-d5"/>
      </object_component>
      <object_component id="oc-2d8">
         <name>.text</name>
         <load_address>0x4efc</load_address>
         <run_address>0x4efc</run_address>
         <size>0xfc</size>
         <input_file_ref idref="fl-db"/>
      </object_component>
      <object_component id="oc-2a">
         <name>.text</name>
         <load_address>0x4ff8</load_address>
         <run_address>0x4ff8</run_address>
         <size>0xda</size>
         <input_file_ref idref="fl-b"/>
      </object_component>
      <object_component id="oc-251">
         <name>.text:_ltostr</name>
         <load_address>0x50d4</load_address>
         <run_address>0x50d4</run_address>
         <size>0xb1</size>
         <input_file_ref idref="fl-d3"/>
      </object_component>
      <object_component id="oc-db">
         <name>.text</name>
         <load_address>0x5188</load_address>
         <run_address>0x5188</run_address>
         <size>0x9c</size>
         <input_file_ref idref="fl-7"/>
      </object_component>
      <object_component id="oc-43">
         <name>.text</name>
         <load_address>0x5224</load_address>
         <run_address>0x5224</run_address>
         <size>0x9c</size>
         <input_file_ref idref="fl-cb"/>
      </object_component>
      <object_component id="oc-2d1">
         <name>.text</name>
         <load_address>0x52c0</load_address>
         <run_address>0x52c0</run_address>
         <size>0x96</size>
         <input_file_ref idref="fl-d7"/>
      </object_component>
      <object_component id="oc-257">
         <name>.text:__aeabi_cdcmple</name>
         <load_address>0x5356</load_address>
         <run_address>0x5356</run_address>
         <size>0x86</size>
         <input_file_ref idref="fl-d9"/>
      </object_component>
      <object_component id="oc-2e2">
         <name>.text:__aeabi_cdrcmple</name>
         <load_address>0x53dc</load_address>
         <run_address>0x53dc</run_address>
         <size>0x86</size>
         <input_file_ref idref="fl-d9"/>
      </object_component>
      <object_component id="oc-b3">
         <name>.text</name>
         <load_address>0x5462</load_address>
         <run_address>0x5462</run_address>
         <size>0x7a</size>
         <input_file_ref idref="fl-cc"/>
      </object_component>
      <object_component id="oc-302">
         <name>.text:_mcpy</name>
         <load_address>0x54dc</load_address>
         <run_address>0x54dc</run_address>
         <size>0x6e</size>
         <input_file_ref idref="fl-d3"/>
      </object_component>
      <object_component id="oc-12">
         <name>.text:decompress:lzss:__TI_decompress_lzss</name>
         <load_address>0x554a</load_address>
         <run_address>0x554a</run_address>
         <size>0x68</size>
         <input_file_ref idref="fl-cf"/>
      </object_component>
      <object_component id="oc-317">
         <name>.text:frexp</name>
         <load_address>0x55b4</load_address>
         <run_address>0x55b4</run_address>
         <size>0x64</size>
         <input_file_ref idref="fl-d4"/>
      </object_component>
      <object_component id="oc-262">
         <name>.text:_pconv_f</name>
         <load_address>0x5618</load_address>
         <run_address>0x5618</run_address>
         <size>0x56</size>
         <input_file_ref idref="fl-d3"/>
      </object_component>
      <object_component id="oc-2ec">
         <name>.text:ltoa</name>
         <load_address>0x566e</load_address>
         <run_address>0x566e</run_address>
         <size>0x54</size>
         <input_file_ref idref="fl-e6"/>
      </object_component>
      <object_component id="oc-2fc">
         <name>.text:_ecpy</name>
         <load_address>0x56c2</load_address>
         <run_address>0x56c2</run_address>
         <size>0x52</size>
         <input_file_ref idref="fl-d3"/>
      </object_component>
      <object_component id="oc-24b">
         <name>.text:atoi</name>
         <load_address>0x5714</load_address>
         <run_address>0x5714</run_address>
         <size>0x4c</size>
         <input_file_ref idref="fl-e4"/>
      </object_component>
      <object_component id="oc-2e7">
         <name>.text</name>
         <load_address>0x5760</load_address>
         <run_address>0x5760</run_address>
         <size>0x48</size>
         <input_file_ref idref="fl-dc"/>
      </object_component>
      <object_component id="oc-1fc">
         <name>.text</name>
         <load_address>0x57a8</load_address>
         <run_address>0x57a8</run_address>
         <size>0x44</size>
         <input_file_ref idref="fl-3"/>
      </object_component>
      <object_component id="oc-15f">
         <name>.text:__TI_auto_init_nobinit_nopinit:__TI_auto_init_nobinit_nopinit</name>
         <load_address>0x57ec</load_address>
         <run_address>0x57ec</run_address>
         <size>0x44</size>
         <input_file_ref idref="fl-de"/>
      </object_component>
      <object_component id="oc-10e">
         <name>.text:sprintf</name>
         <load_address>0x5830</load_address>
         <run_address>0x5830</run_address>
         <size>0x40</size>
         <input_file_ref idref="fl-ca"/>
      </object_component>
      <object_component id="oc-30f">
         <name>.text:_fcpy</name>
         <load_address>0x5870</load_address>
         <run_address>0x5870</run_address>
         <size>0x3e</size>
         <input_file_ref idref="fl-d3"/>
      </object_component>
      <object_component id="oc-61">
         <name>.text:_c_int00_noargs:_c_int00_noargs</name>
         <load_address>0x58b0</load_address>
         <run_address>0x58b0</run_address>
         <size>0x34</size>
         <input_file_ref idref="fl-d2"/>
      </object_component>
      <object_component id="oc-bf">
         <name>.text</name>
         <load_address>0x58e4</load_address>
         <run_address>0x58e4</run_address>
         <size>0x30</size>
         <input_file_ref idref="fl-9"/>
      </object_component>
      <object_component id="oc-2f2">
         <name>.text</name>
         <load_address>0x5914</load_address>
         <run_address>0x5914</run_address>
         <size>0x2e</size>
         <input_file_ref idref="fl-dd"/>
      </object_component>
      <object_component id="oc-274">
         <name>.text:memccpy</name>
         <load_address>0x5942</load_address>
         <run_address>0x5942</run_address>
         <size>0x1c</size>
         <input_file_ref idref="fl-e7"/>
      </object_component>
      <object_component id="oc-376">
         <name>.text:copysign</name>
         <load_address>0x595e</load_address>
         <run_address>0x595e</run_address>
         <size>0x1a</size>
         <input_file_ref idref="fl-d6"/>
      </object_component>
      <object_component id="oc-1e2">
         <name>.text:_outs</name>
         <load_address>0x5978</load_address>
         <run_address>0x5978</run_address>
         <size>0x18</size>
         <input_file_ref idref="fl-ca"/>
      </object_component>
      <object_component id="oc-323">
         <name>.text:strchr</name>
         <load_address>0x5990</load_address>
         <run_address>0x5990</run_address>
         <size>0x16</size>
         <input_file_ref idref="fl-e8"/>
      </object_component>
      <object_component id="oc-102">
         <name>.text:strcpy</name>
         <load_address>0x59a6</load_address>
         <run_address>0x59a6</run_address>
         <size>0x14</size>
         <input_file_ref idref="fl-d0"/>
      </object_component>
      <object_component id="oc-108">
         <name>.text:strlen</name>
         <load_address>0x59ba</load_address>
         <run_address>0x59ba</run_address>
         <size>0x14</size>
         <input_file_ref idref="fl-d1"/>
      </object_component>
      <object_component id="oc-27a">
         <name>.text:wcslen</name>
         <load_address>0x59ce</load_address>
         <run_address>0x59ce</run_address>
         <size>0x12</size>
         <input_file_ref idref="fl-ea"/>
      </object_component>
      <object_component id="oc-18">
         <name>.text:decompress:none:__TI_decompress_none</name>
         <load_address>0x59e0</load_address>
         <run_address>0x59e0</run_address>
         <size>0xe</size>
         <input_file_ref idref="fl-ce"/>
      </object_component>
      <object_component id="oc-55">
         <name>.text:decompress:ZI:__TI_zero_init</name>
         <load_address>0x59ee</load_address>
         <run_address>0x59ee</run_address>
         <size>0xc</size>
         <input_file_ref idref="fl-cd"/>
      </object_component>
      <object_component id="oc-24">
         <name>.text</name>
         <load_address>0x59fa</load_address>
         <run_address>0x59fa</run_address>
         <size>0xc</size>
         <input_file_ref idref="fl-10"/>
      </object_component>
      <object_component id="oc-1e8">
         <name>.text:_outc</name>
         <load_address>0x5a06</load_address>
         <run_address>0x5a06</run_address>
         <size>0xa</size>
         <input_file_ref idref="fl-ca"/>
      </object_component>
      <object_component id="oc-280">
         <name>.text:__aeabi_errno_addr</name>
         <load_address>0x5a10</load_address>
         <run_address>0x5a10</run_address>
         <size>0x8</size>
         <input_file_ref idref="fl-e9"/>
      </object_component>
      <object_component id="oc-b9">
         <name>.text:_system_pre_init</name>
         <load_address>0x5a18</load_address>
         <run_address>0x5a18</run_address>
         <size>0x4</size>
         <input_file_ref idref="fl-df"/>
      </object_component>
      <object_component id="oc-153">
         <name>.text:abort:abort</name>
         <load_address>0x5a1c</load_address>
         <run_address>0x5a1c</run_address>
         <size>0x4</size>
         <input_file_ref idref="fl-e1"/>
      </object_component>
      <object_component id="oc-2cc">
         <name>.const:.string:_ctypes_</name>
         <load_address>0x5a20</load_address>
         <run_address>0x5a20</run_address>
         <size>0x101</size>
         <input_file_ref idref="fl-e5"/>
      </object_component>
      <object_component id="oc-79">
         <name>.const</name>
         <load_address>0x5b24</load_address>
         <run_address>0x5b24</run_address>
         <size>0x4</size>
         <input_file_ref idref="fl-a"/>
      </object_component>
      <object_component id="oc-3cc">
         <name>.cinit..data.load</name>
         <load_address>0x5b28</load_address>
         <run_address>0x5b28</run_address>
         <size>0xe</size>
      </object_component>
      <object_component id="oc-3ca">
         <name>__TI_handler_table</name>
         <load_address>0x5b38</load_address>
         <run_address>0x5b38</run_address>
         <size>0xc</size>
      </object_component>
      <object_component id="oc-3cd">
         <name>.cinit..bss.load</name>
         <load_address>0x5b48</load_address>
         <run_address>0x5b48</run_address>
         <size>0x8</size>
      </object_component>
      <object_component id="oc-3cb">
         <name>__TI_cinit_table</name>
         <load_address>0x5b50</load_address>
         <run_address>0x5b50</run_address>
         <size>0x10</size>
      </object_component>
      <object_component id="oc-149">
         <name>.data</name>
         <load_address>0x20002b50</load_address>
         <run_address>0x20002b50</run_address>
         <size>0x8</size>
         <input_file_ref idref="fl-4"/>
      </object_component>
      <object_component id="oc-1a2">
         <name>.data</name>
         <load_address>0x20002b58</load_address>
         <run_address>0x20002b58</run_address>
         <size>0x8</size>
         <input_file_ref idref="fl-7"/>
      </object_component>
      <object_component id="oc-83">
         <name>.data</name>
         <load_address>0x20002b34</load_address>
         <run_address>0x20002b34</run_address>
         <size>0x10</size>
         <input_file_ref idref="fl-a"/>
      </object_component>
      <object_component id="oc-76">
         <name>.data</name>
         <load_address>0x20002b00</load_address>
         <run_address>0x20002b00</run_address>
         <size>0x34</size>
         <input_file_ref idref="fl-e"/>
      </object_component>
      <object_component id="oc-1ba">
         <name>.data</name>
         <load_address>0x20002b44</load_address>
         <run_address>0x20002b44</run_address>
         <size>0xc</size>
         <input_file_ref idref="fl-f"/>
      </object_component>
      <object_component id="oc-333">
         <name>.data</name>
         <load_address>0x20002b60</load_address>
         <run_address>0x20002b60</run_address>
         <size>0x4</size>
         <input_file_ref idref="fl-e9"/>
      </object_component>
      <object_component id="oc-1a5">
         <name>.bss:ucHeap</name>
         <uninitialized>true</uninitialized>
         <run_address>0x20000000</run_address>
         <size>0x2800</size>
         <input_file_ref idref="fl-7"/>
      </object_component>
      <object_component id="oc-e7">
         <name>.bss:pxReadyTasksLists</name>
         <uninitialized>true</uninitialized>
         <run_address>0x20002800</run_address>
         <size>0x64</size>
         <input_file_ref idref="fl-e"/>
      </object_component>
      <object_component id="oc-fc">
         <name>.bss:xDelayedTaskList1</name>
         <uninitialized>true</uninitialized>
         <run_address>0x2000288c</run_address>
         <size>0x14</size>
         <input_file_ref idref="fl-e"/>
      </object_component>
      <object_component id="oc-ff">
         <name>.bss:xDelayedTaskList2</name>
         <uninitialized>true</uninitialized>
         <run_address>0x200028a0</run_address>
         <size>0x14</size>
         <input_file_ref idref="fl-e"/>
      </object_component>
      <object_component id="oc-ed">
         <name>.bss</name>
         <uninitialized>true</uninitialized>
         <run_address>0x200028f0</run_address>
         <size>0x8</size>
         <input_file_ref idref="fl-e"/>
      </object_component>
      <object_component id="oc-f9">
         <name>.bss:xPendingReadyList</name>
         <uninitialized>true</uninitialized>
         <run_address>0x200028b4</run_address>
         <size>0x14</size>
         <input_file_ref idref="fl-e"/>
      </object_component>
      <object_component id="oc-ea">
         <name>.bss:xTasksWaitingTermination</name>
         <uninitialized>true</uninitialized>
         <run_address>0x200028dc</run_address>
         <size>0x14</size>
         <input_file_ref idref="fl-e"/>
      </object_component>
      <object_component id="oc-f0">
         <name>.bss:xSuspendedTaskList</name>
         <uninitialized>true</uninitialized>
         <run_address>0x200028c8</run_address>
         <size>0x14</size>
         <input_file_ref idref="fl-e"/>
      </object_component>
      <object_component id="oc-1c0">
         <name>.bss:xActiveTimerList1</name>
         <uninitialized>true</uninitialized>
         <run_address>0x20002864</run_address>
         <size>0x14</size>
         <input_file_ref idref="fl-f"/>
      </object_component>
      <object_component id="oc-1c3">
         <name>.bss:xActiveTimerList2</name>
         <uninitialized>true</uninitialized>
         <run_address>0x20002878</run_address>
         <size>0x14</size>
         <input_file_ref idref="fl-f"/>
      </object_component>
      <object_component id="oc-1bd">
         <name>.bss</name>
         <uninitialized>true</uninitialized>
         <run_address>0x200028f8</run_address>
         <size>0x8</size>
         <input_file_ref idref="fl-f"/>
      </object_component>
      <object_component id="oc-21">
         <name>.stack</name>
         <uninitialized>true</uninitialized>
         <run_address>0x20002900</run_address>
         <size>0x4</size>
         <input_file_ref idref="fl-d2"/>
      </object_component>
      <object_component id="oc-3ce">
         <name>.stack</name>
         <uninitialized>true</uninitialized>
         <run_address>0x20002900</run_address>
         <size>0x0</size>
      </object_component>
      <object_component id="oc-138">
         <name>.debug_info</name>
         <load_address>0x0</load_address>
         <run_address>0x0</run_address>
         <size>0x266</size>
         <input_file_ref idref="fl-2"/>
      </object_component>
      <object_component id="oc-203">
         <name>.debug_info</name>
         <load_address>0x266</load_address>
         <run_address>0x266</run_address>
         <size>0x514</size>
         <input_file_ref idref="fl-2"/>
      </object_component>
      <object_component id="oc-99">
         <name>.debug_info</name>
         <load_address>0x77a</load_address>
         <run_address>0x77a</run_address>
         <size>0x26b</size>
         <input_file_ref idref="fl-2"/>
      </object_component>
      <object_component id="oc-3e">
         <name>.debug_info</name>
         <load_address>0x9e5</load_address>
         <run_address>0x9e5</run_address>
         <size>0x84</size>
         <input_file_ref idref="fl-2"/>
      </object_component>
      <object_component id="oc-133">
         <name>.debug_info</name>
         <load_address>0xa69</load_address>
         <run_address>0xa69</run_address>
         <size>0x297</size>
         <input_file_ref idref="fl-2"/>
      </object_component>
      <object_component id="oc-92">
         <name>.debug_info</name>
         <load_address>0xd00</load_address>
         <run_address>0xd00</run_address>
         <size>0xbb</size>
         <input_file_ref idref="fl-2"/>
      </object_component>
      <object_component id="oc-1fe">
         <name>.debug_info</name>
         <load_address>0xdbb</load_address>
         <run_address>0xdbb</run_address>
         <size>0x1ea</size>
         <input_file_ref idref="fl-3"/>
      </object_component>
      <object_component id="oc-132">
         <name>.debug_info</name>
         <load_address>0xfa5</load_address>
         <run_address>0xfa5</run_address>
         <size>0x4f0</size>
         <input_file_ref idref="fl-4"/>
      </object_component>
      <object_component id="oc-14a">
         <name>.debug_info</name>
         <load_address>0x1495</load_address>
         <run_address>0x1495</run_address>
         <size>0x117</size>
         <input_file_ref idref="fl-4"/>
      </object_component>
      <object_component id="oc-14e">
         <name>.debug_info</name>
         <load_address>0x15ac</load_address>
         <run_address>0x15ac</run_address>
         <size>0x4b3</size>
         <input_file_ref idref="fl-4"/>
      </object_component>
      <object_component id="oc-123">
         <name>.debug_info</name>
         <load_address>0x1a5f</load_address>
         <run_address>0x1a5f</run_address>
         <size>0x315</size>
         <input_file_ref idref="fl-4"/>
      </object_component>
      <object_component id="oc-12d">
         <name>.debug_info</name>
         <load_address>0x1d74</load_address>
         <run_address>0x1d74</run_address>
         <size>0x476</size>
         <input_file_ref idref="fl-4"/>
      </object_component>
      <object_component id="oc-88">
         <name>.debug_info</name>
         <load_address>0x21ea</load_address>
         <run_address>0x21ea</run_address>
         <size>0x2c</size>
         <input_file_ref idref="fl-4"/>
      </object_component>
      <object_component id="oc-11e">
         <name>.debug_info</name>
         <load_address>0x2216</load_address>
         <run_address>0x2216</run_address>
         <size>0x53</size>
         <input_file_ref idref="fl-4"/>
      </object_component>
      <object_component id="oc-8d">
         <name>.debug_info</name>
         <load_address>0x2269</load_address>
         <run_address>0x2269</run_address>
         <size>0x53</size>
         <input_file_ref idref="fl-4"/>
      </object_component>
      <object_component id="oc-128">
         <name>.debug_info</name>
         <load_address>0x22bc</load_address>
         <run_address>0x22bc</run_address>
         <size>0x14c</size>
         <input_file_ref idref="fl-4"/>
      </object_component>
      <object_component id="oc-1f5">
         <name>.debug_info</name>
         <load_address>0x2408</load_address>
         <run_address>0x2408</run_address>
         <size>0x68d</size>
         <input_file_ref idref="fl-6"/>
      </object_component>
      <object_component id="oc-115">
         <name>.debug_info</name>
         <load_address>0x2a95</load_address>
         <run_address>0x2a95</run_address>
         <size>0x110</size>
         <input_file_ref idref="fl-6"/>
      </object_component>
      <object_component id="oc-19d">
         <name>.debug_info</name>
         <load_address>0x2ba5</load_address>
         <run_address>0x2ba5</run_address>
         <size>0x476</size>
         <input_file_ref idref="fl-6"/>
      </object_component>
      <object_component id="oc-298">
         <name>.debug_info</name>
         <load_address>0x301b</load_address>
         <run_address>0x301b</run_address>
         <size>0x76</size>
         <input_file_ref idref="fl-6"/>
      </object_component>
      <object_component id="oc-29d">
         <name>.debug_info</name>
         <load_address>0x3091</load_address>
         <run_address>0x3091</run_address>
         <size>0x39</size>
         <input_file_ref idref="fl-6"/>
      </object_component>
      <object_component id="oc-193">
         <name>.debug_info</name>
         <load_address>0x30ca</load_address>
         <run_address>0x30ca</run_address>
         <size>0x4f</size>
         <input_file_ref idref="fl-6"/>
      </object_component>
      <object_component id="oc-1a9">
         <name>.debug_info</name>
         <load_address>0x3119</load_address>
         <run_address>0x3119</run_address>
         <size>0x3e6</size>
         <input_file_ref idref="fl-7"/>
      </object_component>
      <object_component id="oc-1a6">
         <name>.debug_info</name>
         <load_address>0x34ff</load_address>
         <run_address>0x34ff</run_address>
         <size>0xcd</size>
         <input_file_ref idref="fl-7"/>
      </object_component>
      <object_component id="oc-1a3">
         <name>.debug_info</name>
         <load_address>0x35cc</load_address>
         <run_address>0x35cc</run_address>
         <size>0xdb</size>
         <input_file_ref idref="fl-7"/>
      </object_component>
      <object_component id="oc-dc">
         <name>.debug_info</name>
         <load_address>0x36a7</load_address>
         <run_address>0x36a7</run_address>
         <size>0x2e3</size>
         <input_file_ref idref="fl-7"/>
      </object_component>
      <object_component id="oc-1ab">
         <name>.debug_info</name>
         <load_address>0x398a</load_address>
         <run_address>0x398a</run_address>
         <size>0x359</size>
         <input_file_ref idref="fl-8"/>
      </object_component>
      <object_component id="oc-e2">
         <name>.debug_info</name>
         <load_address>0x3ce3</load_address>
         <run_address>0x3ce3</run_address>
         <size>0x445</size>
         <input_file_ref idref="fl-8"/>
      </object_component>
      <object_component id="oc-c0">
         <name>.debug_info</name>
         <load_address>0x4128</load_address>
         <run_address>0x4128</run_address>
         <size>0x118</size>
         <input_file_ref idref="fl-9"/>
      </object_component>
      <object_component id="oc-87">
         <name>.debug_info</name>
         <load_address>0x4240</load_address>
         <run_address>0x4240</run_address>
         <size>0x453</size>
         <input_file_ref idref="fl-a"/>
      </object_component>
      <object_component id="oc-7a">
         <name>.debug_info</name>
         <load_address>0x4693</load_address>
         <run_address>0x4693</run_address>
         <size>0xfa</size>
         <input_file_ref idref="fl-a"/>
      </object_component>
      <object_component id="oc-84">
         <name>.debug_info</name>
         <load_address>0x478d</load_address>
         <run_address>0x478d</run_address>
         <size>0x1b1</size>
         <input_file_ref idref="fl-a"/>
      </object_component>
      <object_component id="oc-30">
         <name>.debug_info</name>
         <load_address>0x493e</load_address>
         <run_address>0x493e</run_address>
         <size>0x6b2</size>
         <input_file_ref idref="fl-a"/>
      </object_component>
      <object_component id="oc-2c">
         <name>.debug_info</name>
         <load_address>0x4ff0</load_address>
         <run_address>0x4ff0</run_address>
         <size>0x22f</size>
         <input_file_ref idref="fl-b"/>
      </object_component>
      <object_component id="oc-237">
         <name>.debug_info</name>
         <load_address>0x521f</load_address>
         <run_address>0x521f</run_address>
         <size>0x847</size>
         <input_file_ref idref="fl-c"/>
      </object_component>
      <object_component id="oc-1b6">
         <name>.debug_info</name>
         <load_address>0x5a66</load_address>
         <run_address>0x5a66</run_address>
         <size>0x397a</size>
         <input_file_ref idref="fl-c"/>
      </object_component>
      <object_component id="oc-2c7">
         <name>.debug_info</name>
         <load_address>0x93e0</load_address>
         <run_address>0x93e0</run_address>
         <size>0x203</size>
         <input_file_ref idref="fl-c"/>
      </object_component>
      <object_component id="oc-232">
         <name>.debug_info</name>
         <load_address>0x95e3</load_address>
         <run_address>0x95e3</run_address>
         <size>0x46</size>
         <input_file_ref idref="fl-c"/>
      </object_component>
      <object_component id="oc-140">
         <name>.debug_info</name>
         <load_address>0x9629</load_address>
         <run_address>0x9629</run_address>
         <size>0x2c</size>
         <input_file_ref idref="fl-d"/>
      </object_component>
      <object_component id="oc-d3">
         <name>.debug_info</name>
         <load_address>0x9655</load_address>
         <run_address>0x9655</run_address>
         <size>0x82a</size>
         <input_file_ref idref="fl-e"/>
      </object_component>
      <object_component id="oc-77">
         <name>.debug_info</name>
         <load_address>0x9e7f</load_address>
         <run_address>0x9e7f</run_address>
         <size>0x33c</size>
         <input_file_ref idref="fl-e"/>
      </object_component>
      <object_component id="oc-e8">
         <name>.debug_info</name>
         <load_address>0xa1bb</load_address>
         <run_address>0xa1bb</run_address>
         <size>0xe3</size>
         <input_file_ref idref="fl-e"/>
      </object_component>
      <object_component id="oc-fd">
         <name>.debug_info</name>
         <load_address>0xa29e</load_address>
         <run_address>0xa29e</run_address>
         <size>0xe3</size>
         <input_file_ref idref="fl-e"/>
      </object_component>
      <object_component id="oc-100">
         <name>.debug_info</name>
         <load_address>0xa381</load_address>
         <run_address>0xa381</run_address>
         <size>0xe3</size>
         <input_file_ref idref="fl-e"/>
      </object_component>
      <object_component id="oc-ee">
         <name>.debug_info</name>
         <load_address>0xa464</load_address>
         <run_address>0xa464</run_address>
         <size>0x126</size>
         <input_file_ref idref="fl-e"/>
      </object_component>
      <object_component id="oc-fa">
         <name>.debug_info</name>
         <load_address>0xa58a</load_address>
         <run_address>0xa58a</run_address>
         <size>0xe3</size>
         <input_file_ref idref="fl-e"/>
      </object_component>
      <object_component id="oc-eb">
         <name>.debug_info</name>
         <load_address>0xa66d</load_address>
         <run_address>0xa66d</run_address>
         <size>0xf1</size>
         <input_file_ref idref="fl-e"/>
      </object_component>
      <object_component id="oc-f1">
         <name>.debug_info</name>
         <load_address>0xa75e</load_address>
         <run_address>0xa75e</run_address>
         <size>0xe5</size>
         <input_file_ref idref="fl-e"/>
      </object_component>
      <object_component id="oc-7d">
         <name>.debug_info</name>
         <load_address>0xa843</load_address>
         <run_address>0xa843</run_address>
         <size>0x49f6</size>
         <input_file_ref idref="fl-e"/>
      </object_component>
      <object_component id="oc-d4">
         <name>.debug_info</name>
         <load_address>0xf239</load_address>
         <run_address>0xf239</run_address>
         <size>0x30c</size>
         <input_file_ref idref="fl-e"/>
      </object_component>
      <object_component id="oc-1f0">
         <name>.debug_info</name>
         <load_address>0xf545</load_address>
         <run_address>0xf545</run_address>
         <size>0x2c</size>
         <input_file_ref idref="fl-e"/>
      </object_component>
      <object_component id="oc-198">
         <name>.debug_info</name>
         <load_address>0xf571</load_address>
         <run_address>0xf571</run_address>
         <size>0x144</size>
         <input_file_ref idref="fl-e"/>
      </object_component>
      <object_component id="oc-1cc">
         <name>.debug_info</name>
         <load_address>0xf6b5</load_address>
         <run_address>0xf6b5</run_address>
         <size>0x80a</size>
         <input_file_ref idref="fl-f"/>
      </object_component>
      <object_component id="oc-1c1">
         <name>.debug_info</name>
         <load_address>0xfebf</load_address>
         <run_address>0xfebf</run_address>
         <size>0xe3</size>
         <input_file_ref idref="fl-f"/>
      </object_component>
      <object_component id="oc-1c4">
         <name>.debug_info</name>
         <load_address>0xffa2</load_address>
         <run_address>0xffa2</run_address>
         <size>0xe3</size>
         <input_file_ref idref="fl-f"/>
      </object_component>
      <object_component id="oc-1be">
         <name>.debug_info</name>
         <load_address>0x10085</load_address>
         <run_address>0x10085</run_address>
         <size>0x11b</size>
         <input_file_ref idref="fl-f"/>
      </object_component>
      <object_component id="oc-1bb">
         <name>.debug_info</name>
         <load_address>0x101a0</load_address>
         <run_address>0x101a0</run_address>
         <size>0x107</size>
         <input_file_ref idref="fl-f"/>
      </object_component>
      <object_component id="oc-f6">
         <name>.debug_info</name>
         <load_address>0x102a7</load_address>
         <run_address>0x102a7</run_address>
         <size>0x1feb</size>
         <input_file_ref idref="fl-f"/>
      </object_component>
      <object_component id="oc-1cd">
         <name>.debug_info</name>
         <load_address>0x12292</load_address>
         <run_address>0x12292</run_address>
         <size>0x1e2</size>
         <input_file_ref idref="fl-f"/>
      </object_component>
      <object_component id="oc-23a">
         <name>.debug_info</name>
         <load_address>0x12474</load_address>
         <run_address>0x12474</run_address>
         <size>0x4f</size>
         <input_file_ref idref="fl-f"/>
      </object_component>
      <object_component id="oc-1c7">
         <name>.debug_info</name>
         <load_address>0x124c3</load_address>
         <run_address>0x124c3</run_address>
         <size>0x46</size>
         <input_file_ref idref="fl-f"/>
      </object_component>
      <object_component id="oc-37">
         <name>.debug_info</name>
         <load_address>0x12509</load_address>
         <run_address>0x12509</run_address>
         <size>0x32d</size>
         <input_file_ref idref="fl-10"/>
      </object_component>
      <object_component id="oc-10">
         <name>.debug_info</name>
         <load_address>0x12836</load_address>
         <run_address>0x12836</run_address>
         <size>0xec</size>
         <input_file_ref idref="fl-10"/>
      </object_component>
      <object_component id="oc-27">
         <name>.debug_info</name>
         <load_address>0x12922</load_address>
         <run_address>0x12922</run_address>
         <size>0x268</size>
         <input_file_ref idref="fl-10"/>
      </object_component>
      <object_component id="oc-1ef">
         <name>.debug_info</name>
         <load_address>0x12b8a</load_address>
         <run_address>0x12b8a</run_address>
         <size>0x337</size>
         <input_file_ref idref="fl-ca"/>
      </object_component>
      <object_component id="oc-110">
         <name>.debug_info</name>
         <load_address>0x12ec1</load_address>
         <run_address>0x12ec1</run_address>
         <size>0x1d5</size>
         <input_file_ref idref="fl-ca"/>
      </object_component>
      <object_component id="oc-1e6">
         <name>.debug_info</name>
         <load_address>0x13096</load_address>
         <run_address>0x13096</run_address>
         <size>0x191</size>
         <input_file_ref idref="fl-ca"/>
      </object_component>
      <object_component id="oc-1eb">
         <name>.debug_info</name>
         <load_address>0x13227</load_address>
         <run_address>0x13227</run_address>
         <size>0x171</size>
         <input_file_ref idref="fl-ca"/>
      </object_component>
      <object_component id="oc-33a">
         <name>.debug_info</name>
         <load_address>0x13398</load_address>
         <run_address>0x13398</run_address>
         <size>0x2c</size>
         <input_file_ref idref="fl-ca"/>
      </object_component>
      <object_component id="oc-46">
         <name>.debug_info</name>
         <load_address>0x133c4</load_address>
         <run_address>0x133c4</run_address>
         <size>0x11d</size>
         <input_file_ref idref="fl-cb"/>
      </object_component>
      <object_component id="oc-b4">
         <name>.debug_info</name>
         <load_address>0x134e1</load_address>
         <run_address>0x134e1</run_address>
         <size>0x14b</size>
         <input_file_ref idref="fl-cc"/>
      </object_component>
      <object_component id="oc-b2">
         <name>.debug_info</name>
         <load_address>0x1362c</load_address>
         <run_address>0x1362c</run_address>
         <size>0x2d8</size>
         <input_file_ref idref="fl-cd"/>
      </object_component>
      <object_component id="oc-56">
         <name>.debug_info</name>
         <load_address>0x13904</load_address>
         <run_address>0x13904</run_address>
         <size>0x1b9</size>
         <input_file_ref idref="fl-cd"/>
      </object_component>
      <object_component id="oc-ad">
         <name>.debug_info</name>
         <load_address>0x13abd</load_address>
         <run_address>0x13abd</run_address>
         <size>0x46</size>
         <input_file_ref idref="fl-cd"/>
      </object_component>
      <object_component id="oc-4e">
         <name>.debug_info</name>
         <load_address>0x13b03</load_address>
         <run_address>0x13b03</run_address>
         <size>0x2ac</size>
         <input_file_ref idref="fl-ce"/>
      </object_component>
      <object_component id="oc-1c">
         <name>.debug_info</name>
         <load_address>0x13daf</load_address>
         <run_address>0x13daf</run_address>
         <size>0x1ee</size>
         <input_file_ref idref="fl-ce"/>
      </object_component>
      <object_component id="oc-49">
         <name>.debug_info</name>
         <load_address>0x13f9d</load_address>
         <run_address>0x13f9d</run_address>
         <size>0x46</size>
         <input_file_ref idref="fl-ce"/>
      </object_component>
      <object_component id="oc-a5">
         <name>.debug_info</name>
         <load_address>0x13fe3</load_address>
         <run_address>0x13fe3</run_address>
         <size>0x2c</size>
         <input_file_ref idref="fl-ce"/>
      </object_component>
      <object_component id="oc-a3">
         <name>.debug_info</name>
         <load_address>0x1400f</load_address>
         <run_address>0x1400f</run_address>
         <size>0x2a2</size>
         <input_file_ref idref="fl-cf"/>
      </object_component>
      <object_component id="oc-13">
         <name>.debug_info</name>
         <load_address>0x142b1</load_address>
         <run_address>0x142b1</run_address>
         <size>0x254</size>
         <input_file_ref idref="fl-cf"/>
      </object_component>
      <object_component id="oc-39">
         <name>.debug_info</name>
         <load_address>0x14505</load_address>
         <run_address>0x14505</run_address>
         <size>0x60</size>
         <input_file_ref idref="fl-cf"/>
      </object_component>
      <object_component id="oc-139">
         <name>.debug_info</name>
         <load_address>0x14565</load_address>
         <run_address>0x14565</run_address>
         <size>0x46</size>
         <input_file_ref idref="fl-cf"/>
      </object_component>
      <object_component id="oc-9e">
         <name>.debug_info</name>
         <load_address>0x145ab</load_address>
         <run_address>0x145ab</run_address>
         <size>0x39</size>
         <input_file_ref idref="fl-cf"/>
      </object_component>
      <object_component id="oc-1d9">
         <name>.debug_info</name>
         <load_address>0x145e4</load_address>
         <run_address>0x145e4</run_address>
         <size>0x2a8</size>
         <input_file_ref idref="fl-d0"/>
      </object_component>
      <object_component id="oc-103">
         <name>.debug_info</name>
         <load_address>0x1488c</load_address>
         <run_address>0x1488c</run_address>
         <size>0x256</size>
         <input_file_ref idref="fl-d0"/>
      </object_component>
      <object_component id="oc-1db">
         <name>.debug_info</name>
         <load_address>0x14ae2</load_address>
         <run_address>0x14ae2</run_address>
         <size>0x293</size>
         <input_file_ref idref="fl-d1"/>
      </object_component>
      <object_component id="oc-109">
         <name>.debug_info</name>
         <load_address>0x14d75</load_address>
         <run_address>0x14d75</run_address>
         <size>0x24f</size>
         <input_file_ref idref="fl-d1"/>
      </object_component>
      <object_component id="oc-22">
         <name>.debug_info</name>
         <load_address>0x14fc4</load_address>
         <run_address>0x14fc4</run_address>
         <size>0x10f</size>
         <input_file_ref idref="fl-d2"/>
      </object_component>
      <object_component id="oc-63">
         <name>.debug_info</name>
         <load_address>0x150d3</load_address>
         <run_address>0x150d3</run_address>
         <size>0x1ad</size>
         <input_file_ref idref="fl-d2"/>
      </object_component>
      <object_component id="oc-287">
         <name>.debug_info</name>
         <load_address>0x15280</load_address>
         <run_address>0x15280</run_address>
         <size>0x57f</size>
         <input_file_ref idref="fl-d3"/>
      </object_component>
      <object_component id="oc-254">
         <name>.debug_info</name>
         <load_address>0x157ff</load_address>
         <run_address>0x157ff</run_address>
         <size>0x222</size>
         <input_file_ref idref="fl-d3"/>
      </object_component>
      <object_component id="oc-2ff">
         <name>.debug_info</name>
         <load_address>0x15a21</load_address>
         <run_address>0x15a21</run_address>
         <size>0x1b7</size>
         <input_file_ref idref="fl-d3"/>
      </object_component>
      <object_component id="oc-305">
         <name>.debug_info</name>
         <load_address>0x15bd8</load_address>
         <run_address>0x15bd8</run_address>
         <size>0x21f</size>
         <input_file_ref idref="fl-d3"/>
      </object_component>
      <object_component id="oc-25f">
         <name>.debug_info</name>
         <load_address>0x15df7</load_address>
         <run_address>0x15df7</run_address>
         <size>0x3bf</size>
         <input_file_ref idref="fl-d3"/>
      </object_component>
      <object_component id="oc-30d">
         <name>.debug_info</name>
         <load_address>0x161b6</load_address>
         <run_address>0x161b6</run_address>
         <size>0x309</size>
         <input_file_ref idref="fl-d3"/>
      </object_component>
      <object_component id="oc-313">
         <name>.debug_info</name>
         <load_address>0x164bf</load_address>
         <run_address>0x164bf</run_address>
         <size>0x219</size>
         <input_file_ref idref="fl-d3"/>
      </object_component>
      <object_component id="oc-266">
         <name>.debug_info</name>
         <load_address>0x166d8</load_address>
         <run_address>0x166d8</run_address>
         <size>0x219</size>
         <input_file_ref idref="fl-d3"/>
      </object_component>
      <object_component id="oc-26c">
         <name>.debug_info</name>
         <load_address>0x168f1</load_address>
         <run_address>0x168f1</run_address>
         <size>0x308</size>
         <input_file_ref idref="fl-d3"/>
      </object_component>
      <object_component id="oc-272">
         <name>.debug_info</name>
         <load_address>0x16bf9</load_address>
         <run_address>0x16bf9</run_address>
         <size>0x4b4</size>
         <input_file_ref idref="fl-d3"/>
      </object_component>
      <object_component id="oc-1e0">
         <name>.debug_info</name>
         <load_address>0x170ad</load_address>
         <run_address>0x170ad</run_address>
         <size>0x5f8</size>
         <input_file_ref idref="fl-d3"/>
      </object_component>
      <object_component id="oc-288">
         <name>.debug_info</name>
         <load_address>0x176a5</load_address>
         <run_address>0x176a5</run_address>
         <size>0x86</size>
         <input_file_ref idref="fl-d3"/>
      </object_component>
      <object_component id="oc-33f">
         <name>.debug_info</name>
         <load_address>0x1772b</load_address>
         <run_address>0x1772b</run_address>
         <size>0x39</size>
         <input_file_ref idref="fl-d3"/>
      </object_component>
      <object_component id="oc-38d">
         <name>.debug_info</name>
         <load_address>0x17764</load_address>
         <run_address>0x17764</run_address>
         <size>0xb6</size>
         <input_file_ref idref="fl-d3"/>
      </object_component>
      <object_component id="oc-344">
         <name>.debug_info</name>
         <load_address>0x1781a</load_address>
         <run_address>0x1781a</run_address>
         <size>0x46</size>
         <input_file_ref idref="fl-d3"/>
      </object_component>
      <object_component id="oc-28d">
         <name>.debug_info</name>
         <load_address>0x17860</load_address>
         <run_address>0x17860</run_address>
         <size>0x46</size>
         <input_file_ref idref="fl-d3"/>
      </object_component>
      <object_component id="oc-370">
         <name>.debug_info</name>
         <load_address>0x178a6</load_address>
         <run_address>0x178a6</run_address>
         <size>0x29e</size>
         <input_file_ref idref="fl-d4"/>
      </object_component>
      <object_component id="oc-318">
         <name>.debug_info</name>
         <load_address>0x17b44</load_address>
         <run_address>0x17b44</run_address>
         <size>0x199</size>
         <input_file_ref idref="fl-d4"/>
      </object_component>
      <object_component id="oc-399">
         <name>.debug_info</name>
         <load_address>0x17cdd</load_address>
         <run_address>0x17cdd</run_address>
         <size>0x39</size>
         <input_file_ref idref="fl-d4"/>
      </object_component>
      <object_component id="oc-371">
         <name>.debug_info</name>
         <load_address>0x17d16</load_address>
         <run_address>0x17d16</run_address>
         <size>0x2c</size>
         <input_file_ref idref="fl-d4"/>
      </object_component>
      <object_component id="oc-37d">
         <name>.debug_info</name>
         <load_address>0x17d42</load_address>
         <run_address>0x17d42</run_address>
         <size>0x301</size>
         <input_file_ref idref="fl-d5"/>
      </object_component>
      <object_component id="oc-31e">
         <name>.debug_info</name>
         <load_address>0x18043</load_address>
         <run_address>0x18043</run_address>
         <size>0x229</size>
         <input_file_ref idref="fl-d5"/>
      </object_component>
      <object_component id="oc-377">
         <name>.debug_info</name>
         <load_address>0x1826c</load_address>
         <run_address>0x1826c</run_address>
         <size>0x165</size>
         <input_file_ref idref="fl-d6"/>
      </object_component>
      <object_component id="oc-2d2">
         <name>.debug_info</name>
         <load_address>0x183d1</load_address>
         <run_address>0x183d1</run_address>
         <size>0x138</size>
         <input_file_ref idref="fl-d7"/>
      </object_component>
      <object_component id="oc-2f9">
         <name>.debug_info</name>
         <load_address>0x18509</load_address>
         <run_address>0x18509</run_address>
         <size>0x150</size>
         <input_file_ref idref="fl-d8"/>
      </object_component>
      <object_component id="oc-259">
         <name>.debug_info</name>
         <load_address>0x18659</load_address>
         <run_address>0x18659</run_address>
         <size>0x12c</size>
         <input_file_ref idref="fl-d9"/>
      </object_component>
      <object_component id="oc-2e5">
         <name>.debug_info</name>
         <load_address>0x18785</load_address>
         <run_address>0x18785</run_address>
         <size>0x12e</size>
         <input_file_ref idref="fl-d9"/>
      </object_component>
      <object_component id="oc-2df">
         <name>.debug_info</name>
         <load_address>0x188b3</load_address>
         <run_address>0x188b3</run_address>
         <size>0x13e</size>
         <input_file_ref idref="fl-da"/>
      </object_component>
      <object_component id="oc-2da">
         <name>.debug_info</name>
         <load_address>0x189f1</load_address>
         <run_address>0x189f1</run_address>
         <size>0x13e</size>
         <input_file_ref idref="fl-db"/>
      </object_component>
      <object_component id="oc-2e9">
         <name>.debug_info</name>
         <load_address>0x18b2f</load_address>
         <run_address>0x18b2f</run_address>
         <size>0x132</size>
         <input_file_ref idref="fl-dc"/>
      </object_component>
      <object_component id="oc-2f5">
         <name>.debug_info</name>
         <load_address>0x18c61</load_address>
         <run_address>0x18c61</run_address>
         <size>0x130</size>
         <input_file_ref idref="fl-dd"/>
      </object_component>
      <object_component id="oc-214">
         <name>.debug_info</name>
         <load_address>0x18d91</load_address>
         <run_address>0x18d91</run_address>
         <size>0x4b7</size>
         <input_file_ref idref="fl-de"/>
      </object_component>
      <object_component id="oc-163">
         <name>.debug_info</name>
         <load_address>0x19248</load_address>
         <run_address>0x19248</run_address>
         <size>0x1aa</size>
         <input_file_ref idref="fl-de"/>
      </object_component>
      <object_component id="oc-2b4">
         <name>.debug_info</name>
         <load_address>0x193f2</load_address>
         <run_address>0x193f2</run_address>
         <size>0x39</size>
         <input_file_ref idref="fl-de"/>
      </object_component>
      <object_component id="oc-34c">
         <name>.debug_info</name>
         <load_address>0x1942b</load_address>
         <run_address>0x1942b</run_address>
         <size>0x39</size>
         <input_file_ref idref="fl-de"/>
      </object_component>
      <object_component id="oc-2b9">
         <name>.debug_info</name>
         <load_address>0x19464</load_address>
         <run_address>0x19464</run_address>
         <size>0x39</size>
         <input_file_ref idref="fl-de"/>
      </object_component>
      <object_component id="oc-2be">
         <name>.debug_info</name>
         <load_address>0x1949d</load_address>
         <run_address>0x1949d</run_address>
         <size>0xcd</size>
         <input_file_ref idref="fl-de"/>
      </object_component>
      <object_component id="oc-bb">
         <name>.debug_info</name>
         <load_address>0x1956a</load_address>
         <run_address>0x1956a</run_address>
         <size>0x157</size>
         <input_file_ref idref="fl-df"/>
      </object_component>
      <object_component id="oc-155">
         <name>.debug_info</name>
         <load_address>0x196c1</load_address>
         <run_address>0x196c1</run_address>
         <size>0x126</size>
         <input_file_ref idref="fl-e1"/>
      </object_component>
      <object_component id="oc-2d0">
         <name>.debug_info</name>
         <load_address>0x197e7</load_address>
         <run_address>0x197e7</run_address>
         <size>0x2bd</size>
         <input_file_ref idref="fl-e4"/>
      </object_component>
      <object_component id="oc-24c">
         <name>.debug_info</name>
         <load_address>0x19aa4</load_address>
         <run_address>0x19aa4</run_address>
         <size>0x180</size>
         <input_file_ref idref="fl-e4"/>
      </object_component>
      <object_component id="oc-35a">
         <name>.debug_info</name>
         <load_address>0x19c24</load_address>
         <run_address>0x19c24</run_address>
         <size>0xfd</size>
         <input_file_ref idref="fl-e5"/>
      </object_component>
      <object_component id="oc-2cd">
         <name>.debug_info</name>
         <load_address>0x19d21</load_address>
         <run_address>0x19d21</run_address>
         <size>0x109</size>
         <input_file_ref idref="fl-e5"/>
      </object_component>
      <object_component id="oc-368">
         <name>.debug_info</name>
         <load_address>0x19e2a</load_address>
         <run_address>0x19e2a</run_address>
         <size>0x29f</size>
         <input_file_ref idref="fl-e6"/>
      </object_component>
      <object_component id="oc-2ee">
         <name>.debug_info</name>
         <load_address>0x1a0c9</load_address>
         <run_address>0x1a0c9</run_address>
         <size>0x1d1</size>
         <input_file_ref idref="fl-e6"/>
      </object_component>
      <object_component id="oc-32b">
         <name>.debug_info</name>
         <load_address>0x1a29a</load_address>
         <run_address>0x1a29a</run_address>
         <size>0x29a</size>
         <input_file_ref idref="fl-e7"/>
      </object_component>
      <object_component id="oc-275">
         <name>.debug_info</name>
         <load_address>0x1a534</load_address>
         <run_address>0x1a534</run_address>
         <size>0x1ba</size>
         <input_file_ref idref="fl-e7"/>
      </object_component>
      <object_component id="oc-37f">
         <name>.debug_info</name>
         <load_address>0x1a6ee</load_address>
         <run_address>0x1a6ee</run_address>
         <size>0x29e</size>
         <input_file_ref idref="fl-e8"/>
      </object_component>
      <object_component id="oc-324">
         <name>.debug_info</name>
         <load_address>0x1a98c</load_address>
         <run_address>0x1a98c</run_address>
         <size>0x26c</size>
         <input_file_ref idref="fl-e8"/>
      </object_component>
      <object_component id="oc-337">
         <name>.debug_info</name>
         <load_address>0x1abf8</load_address>
         <run_address>0x1abf8</run_address>
         <size>0x28d</size>
         <input_file_ref idref="fl-e9"/>
      </object_component>
      <object_component id="oc-334">
         <name>.debug_info</name>
         <load_address>0x1ae85</load_address>
         <run_address>0x1ae85</run_address>
         <size>0x112</size>
         <input_file_ref idref="fl-e9"/>
      </object_component>
      <object_component id="oc-281">
         <name>.debug_info</name>
         <load_address>0x1af97</load_address>
         <run_address>0x1af97</run_address>
         <size>0x152</size>
         <input_file_ref idref="fl-e9"/>
      </object_component>
      <object_component id="oc-332">
         <name>.debug_info</name>
         <load_address>0x1b0e9</load_address>
         <run_address>0x1b0e9</run_address>
         <size>0x293</size>
         <input_file_ref idref="fl-ea"/>
      </object_component>
      <object_component id="oc-27e">
         <name>.debug_info</name>
         <load_address>0x1b37c</load_address>
         <run_address>0x1b37c</run_address>
         <size>0x15e</size>
         <input_file_ref idref="fl-ea"/>
      </object_component>
      <object_component id="oc-382">
         <name>.debug_info</name>
         <load_address>0x1b4da</load_address>
         <run_address>0x1b4da</run_address>
         <size>0x46</size>
         <input_file_ref idref="fl-ea"/>
      </object_component>
      <object_component id="oc-32d">
         <name>.debug_info</name>
         <load_address>0x1b520</load_address>
         <run_address>0x1b520</run_address>
         <size>0x39</size>
         <input_file_ref idref="fl-ea"/>
      </object_component>
      <object_component id="oc-360">
         <name>.debug_info</name>
         <load_address>0x1b559</load_address>
         <run_address>0x1b559</run_address>
         <size>0x119</size>
         <input_file_ref idref="fl-eb"/>
      </object_component>
      <object_component id="oc-3cf">
         <name>.debug_info</name>
         <load_address>0x1b672</load_address>
         <run_address>0x1b672</run_address>
         <size>0x9f</size>
      </object_component>
      <object_component id="oc-1f9">
         <name>.debug_line</name>
         <load_address>0x0</load_address>
         <run_address>0x0</run_address>
         <size>0x20</size>
         <input_file_ref idref="fl-2"/>
      </object_component>
      <object_component id="oc-207">
         <name>.debug_line</name>
         <load_address>0x20</load_address>
         <run_address>0x20</run_address>
         <size>0x195</size>
         <input_file_ref idref="fl-2"/>
      </object_component>
      <object_component id="oc-9c">
         <name>.debug_line</name>
         <load_address>0x1b5</load_address>
         <run_address>0x1b5</run_address>
         <size>0x6f</size>
         <input_file_ref idref="fl-2"/>
      </object_component>
      <object_component id="oc-41">
         <name>.debug_line</name>
         <load_address>0x224</load_address>
         <run_address>0x224</run_address>
         <size>0x20</size>
         <input_file_ref idref="fl-2"/>
      </object_component>
      <object_component id="oc-136">
         <name>.debug_line</name>
         <load_address>0x244</load_address>
         <run_address>0x244</run_address>
         <size>0x73</size>
         <input_file_ref idref="fl-2"/>
      </object_component>
      <object_component id="oc-95">
         <name>.debug_line</name>
         <load_address>0x2b7</load_address>
         <run_address>0x2b7</run_address>
         <size>0x70</size>
         <input_file_ref idref="fl-2"/>
      </object_component>
      <object_component id="oc-1fd">
         <name>.debug_line</name>
         <load_address>0x327</load_address>
         <run_address>0x327</run_address>
         <size>0x75</size>
         <input_file_ref idref="fl-3"/>
      </object_component>
      <object_component id="oc-1f7">
         <name>.debug_line</name>
         <load_address>0x39c</load_address>
         <run_address>0x39c</run_address>
         <size>0x4d</size>
         <input_file_ref idref="fl-4"/>
      </object_component>
      <object_component id="oc-1fb">
         <name>.debug_line</name>
         <load_address>0x3e9</load_address>
         <run_address>0x3e9</run_address>
         <size>0x32</size>
         <input_file_ref idref="fl-4"/>
      </object_component>
      <object_component id="oc-151">
         <name>.debug_line</name>
         <load_address>0x41b</load_address>
         <run_address>0x41b</run_address>
         <size>0x14a</size>
         <input_file_ref idref="fl-4"/>
      </object_component>
      <object_component id="oc-126">
         <name>.debug_line</name>
         <load_address>0x565</load_address>
         <run_address>0x565</run_address>
         <size>0x2d</size>
         <input_file_ref idref="fl-4"/>
      </object_component>
      <object_component id="oc-130">
         <name>.debug_line</name>
         <load_address>0x592</load_address>
         <run_address>0x592</run_address>
         <size>0x31</size>
         <input_file_ref idref="fl-4"/>
      </object_component>
      <object_component id="oc-8b">
         <name>.debug_line</name>
         <load_address>0x5c3</load_address>
         <run_address>0x5c3</run_address>
         <size>0x31</size>
         <input_file_ref idref="fl-4"/>
      </object_component>
      <object_component id="oc-121">
         <name>.debug_line</name>
         <load_address>0x5f4</load_address>
         <run_address>0x5f4</run_address>
         <size>0x6b</size>
         <input_file_ref idref="fl-4"/>
      </object_component>
      <object_component id="oc-90">
         <name>.debug_line</name>
         <load_address>0x65f</load_address>
         <run_address>0x65f</run_address>
         <size>0x32</size>
         <input_file_ref idref="fl-4"/>
      </object_component>
      <object_component id="oc-12b">
         <name>.debug_line</name>
         <load_address>0x691</load_address>
         <run_address>0x691</run_address>
         <size>0x2d</size>
         <input_file_ref idref="fl-4"/>
      </object_component>
      <object_component id="oc-297">
         <name>.debug_line</name>
         <load_address>0x6be</load_address>
         <run_address>0x6be</run_address>
         <size>0x6c</size>
         <input_file_ref idref="fl-6"/>
      </object_component>
      <object_component id="oc-118">
         <name>.debug_line</name>
         <load_address>0x72a</load_address>
         <run_address>0x72a</run_address>
         <size>0x6b</size>
         <input_file_ref idref="fl-6"/>
      </object_component>
      <object_component id="oc-1a0">
         <name>.debug_line</name>
         <load_address>0x795</load_address>
         <run_address>0x795</run_address>
         <size>0x31</size>
         <input_file_ref idref="fl-6"/>
      </object_component>
      <object_component id="oc-29b">
         <name>.debug_line</name>
         <load_address>0x7c6</load_address>
         <run_address>0x7c6</run_address>
         <size>0x35</size>
         <input_file_ref idref="fl-6"/>
      </object_component>
      <object_component id="oc-2a0">
         <name>.debug_line</name>
         <load_address>0x7fb</load_address>
         <run_address>0x7fb</run_address>
         <size>0x35</size>
         <input_file_ref idref="fl-6"/>
      </object_component>
      <object_component id="oc-196">
         <name>.debug_line</name>
         <load_address>0x830</load_address>
         <run_address>0x830</run_address>
         <size>0x2f</size>
         <input_file_ref idref="fl-6"/>
      </object_component>
      <object_component id="oc-22e">
         <name>.debug_line</name>
         <load_address>0x85f</load_address>
         <run_address>0x85f</run_address>
         <size>0x2d</size>
         <input_file_ref idref="fl-7"/>
      </object_component>
      <object_component id="oc-22c">
         <name>.debug_line</name>
         <load_address>0x88c</load_address>
         <run_address>0x88c</run_address>
         <size>0x2f</size>
         <input_file_ref idref="fl-7"/>
      </object_component>
      <object_component id="oc-22a">
         <name>.debug_line</name>
         <load_address>0x8bb</load_address>
         <run_address>0x8bb</run_address>
         <size>0x2f</size>
         <input_file_ref idref="fl-7"/>
      </object_component>
      <object_component id="oc-e0">
         <name>.debug_line</name>
         <load_address>0x8ea</load_address>
         <run_address>0x8ea</run_address>
         <size>0xb2</size>
         <input_file_ref idref="fl-7"/>
      </object_component>
      <object_component id="oc-230">
         <name>.debug_line</name>
         <load_address>0x99c</load_address>
         <run_address>0x99c</run_address>
         <size>0x20</size>
         <input_file_ref idref="fl-8"/>
      </object_component>
      <object_component id="oc-e6">
         <name>.debug_line</name>
         <load_address>0x9bc</load_address>
         <run_address>0x9bc</run_address>
         <size>0xe3</size>
         <input_file_ref idref="fl-8"/>
      </object_component>
      <object_component id="oc-c3">
         <name>.debug_line</name>
         <load_address>0xa9f</load_address>
         <run_address>0xa9f</run_address>
         <size>0x43</size>
         <input_file_ref idref="fl-9"/>
      </object_component>
      <object_component id="oc-11d">
         <name>.debug_line</name>
         <load_address>0xae2</load_address>
         <run_address>0xae2</run_address>
         <size>0x3a</size>
         <input_file_ref idref="fl-a"/>
      </object_component>
      <object_component id="oc-da">
         <name>.debug_line</name>
         <load_address>0xb1c</load_address>
         <run_address>0xb1c</run_address>
         <size>0x2d</size>
         <input_file_ref idref="fl-a"/>
      </object_component>
      <object_component id="oc-11b">
         <name>.debug_line</name>
         <load_address>0xb49</load_address>
         <run_address>0xb49</run_address>
         <size>0x2d</size>
         <input_file_ref idref="fl-a"/>
      </object_component>
      <object_component id="oc-33">
         <name>.debug_line</name>
         <load_address>0xb76</load_address>
         <run_address>0xb76</run_address>
         <size>0x1a1</size>
         <input_file_ref idref="fl-a"/>
      </object_component>
      <object_component id="oc-2e">
         <name>.debug_line</name>
         <load_address>0xd17</load_address>
         <run_address>0xd17</run_address>
         <size>0xc2</size>
         <input_file_ref idref="fl-b"/>
      </object_component>
      <object_component id="oc-2c6">
         <name>.debug_line</name>
         <load_address>0xdd9</load_address>
         <run_address>0xdd9</run_address>
         <size>0x5d</size>
         <input_file_ref idref="fl-c"/>
      </object_component>
      <object_component id="oc-1b9">
         <name>.debug_line</name>
         <load_address>0xe36</load_address>
         <run_address>0xe36</run_address>
         <size>0x993</size>
         <input_file_ref idref="fl-c"/>
      </object_component>
      <object_component id="oc-2ca">
         <name>.debug_line</name>
         <load_address>0x17c9</load_address>
         <run_address>0x17c9</run_address>
         <size>0x2e</size>
         <input_file_ref idref="fl-c"/>
      </object_component>
      <object_component id="oc-235">
         <name>.debug_line</name>
         <load_address>0x17f7</load_address>
         <run_address>0x17f7</run_address>
         <size>0x2e</size>
         <input_file_ref idref="fl-c"/>
      </object_component>
      <object_component id="oc-143">
         <name>.debug_line</name>
         <load_address>0x1825</load_address>
         <run_address>0x1825</run_address>
         <size>0x6b</size>
         <input_file_ref idref="fl-d"/>
      </object_component>
      <object_component id="oc-192">
         <name>.debug_line</name>
         <load_address>0x1890</load_address>
         <run_address>0x1890</run_address>
         <size>0xf4</size>
         <input_file_ref idref="fl-e"/>
      </object_component>
      <object_component id="oc-d2">
         <name>.debug_line</name>
         <load_address>0x1984</load_address>
         <run_address>0x1984</run_address>
         <size>0x2e</size>
         <input_file_ref idref="fl-e"/>
      </object_component>
      <object_component id="oc-1ad">
         <name>.debug_line</name>
         <load_address>0x19b2</load_address>
         <run_address>0x19b2</run_address>
         <size>0x2e</size>
         <input_file_ref idref="fl-e"/>
      </object_component>
      <object_component id="oc-1d5">
         <name>.debug_line</name>
         <load_address>0x19e0</load_address>
[...]
         <value>0x2127</value>
         <object_component_ref idref="oc-1b4"/>
      </symbol>
      <symbol id="sm-293">
         <name>xQueueCreateSet</name>
         <value>0x28d7</value>
         <object_component_ref idref="oc-1b4"/>
      </symbol>
      <symbol id="sm-294">
         <name>xQueueRemoveFromSet</name>
         <value>0x291f</value>
         <object_component_ref idref="oc-1b4"/>
      </symbol>
      <symbol id="sm-295">
         <name>ucQueueGetQueueType</name>
         <value>0x25fd</value>
         <object_component_ref idref="oc-1b4"/>
      </symbol>
      <symbol id="sm-4a9">
         <name>vTaskDelay</name>
         <value>0x5a3</value>
         <object_component_ref idref="oc-7c"/>
      </symbol>
      <symbol id="sm-4aa">
         <name>vTaskSuspendAll</name>
         <value>0x9fd</value>
         <object_component_ref idref="oc-7c"/>
      </symbol>
      <symbol id="sm-4ab">
         <name>vTaskList</name>
         <value>0x1665</value>
         <object_component_ref idref="oc-7c"/>
      </symbol>
      <symbol id="sm-4ac">
         <name>vTaskPlaceOnEventList</name>
         <value>0xddf</value>
         <object_component_ref idref="oc-7c"/>
      </symbol>
      <symbol id="sm-4ad">
         <name>vTaskSetTaskNumber</name>
         <value>0x1041</value>
         <object_component_ref idref="oc-7c"/>
      </symbol>
      <symbol id="sm-4ae">
         <name>uxTaskPriorityGetFromISR</name>
         <value>0x6b9</value>
         <object_component_ref idref="oc-7c"/>
      </symbol>
      <symbol id="sm-4af">
         <name>ulTaskNotifyTake</name>
         <value>0x17b1</value>
         <object_component_ref idref="oc-7c"/>
      </symbol>
      <symbol id="sm-4b0">
         <name>pcTaskGetName</name>
         <value>0xb67</value>
         <object_component_ref idref="oc-7c"/>
      </symbol>
      <symbol id="sm-4b1">
         <name>xTaskCheckForTimeOut</name>
         <value>0xf8d</value>
         <object_component_ref idref="oc-7c"/>
      </symbol>
      <symbol id="sm-4b2">
         <name>vTaskRemoveFromUnorderedEventList</name>
         <value>0xee5</value>
         <object_component_ref idref="oc-7c"/>
      </symbol>
      <symbol id="sm-4b3">
         <name>vTaskPrioritySet</name>
         <value>0x705</value>
         <object_component_ref idref="oc-7c"/>
      </symbol>
      <symbol id="sm-4b4">
         <name>xTaskPriorityDisinherit</name>
         <value>0x149d</value>
         <object_component_ref idref="oc-7c"/>
      </symbol>
      <symbol id="sm-4b5">
         <name>vTaskStartScheduler</name>
         <value>0x98b</value>
         <object_component_ref idref="oc-7c"/>
      </symbol>
      <symbol id="sm-4b6">
         <name>vTaskInternalSetTimeOutState</name>
         <value>0xf6b</value>
         <object_component_ref idref="oc-7c"/>
      </symbol>
      <symbol id="sm-4b7">
         <name>xTaskNotifyStateClear</name>
         <value>0x1b75</value>
         <object_component_ref idref="oc-7c"/>
      </symbol>
      <symbol id="sm-4b8">
         <name>pvTaskIncrementMutexHeldCount</name>
         <value>0x1799</value>
         <object_component_ref idref="oc-7c"/>
      </symbol>
      <symbol id="sm-4b9">
         <name>xTaskGenericNotify</name>
         <value>0x18d1</value>
         <object_component_ref idref="oc-7c"/>
      </symbol>
      <symbol id="sm-4ba">
         <name>vTaskPriorityDisinheritAfterTimeout</name>
         <value>0x1541</value>
         <object_component_ref idref="oc-7c"/>
      </symbol>
      <symbol id="sm-4bb">
         <name>xTaskCreate</name>
         <value>0x26d</value>
         <object_component_ref idref="oc-7c"/>
      </symbol>
      <symbol id="sm-4bc">
         <name>vTaskDelayUntil</name>
         <value>0x513</value>
         <object_component_ref idref="oc-7c"/>
      </symbol>
      <symbol id="sm-4bd">
         <name>uxTaskGetTaskNumber</name>
         <value>0x1019</value>
         <object_component_ref idref="oc-7c"/>
      </symbol>
      <symbol id="sm-4be">
         <name>vTaskEndScheduler</name>
         <value>0x9e1</value>
         <object_component_ref idref="oc-7c"/>
      </symbol>
      <symbol id="sm-4bf">
         <name>xTaskNotifyWait</name>
         <value>0x1829</value>
         <object_component_ref idref="oc-7c"/>
      </symbol>
      <symbol id="sm-4c0">
         <name>vTaskMissedYield</name>
         <value>0x100b</value>
         <object_component_ref idref="oc-7c"/>
      </symbol>
      <symbol id="sm-4c1">
         <name>uxTaskGetNumberOfTasks</name>
         <value>0xb61</value>
         <object_component_ref idref="oc-7c"/>
      </symbol>
      <symbol id="sm-4c2">
         <name>xTaskGenericNotifyFromISR</name>
         <value>0x19c1</value>
         <object_component_ref idref="oc-7c"/>
      </symbol>
      <symbol id="sm-4c3">
         <name>vTaskGetInfo</name>
         <value>0x1185</value>
         <object_component_ref idref="oc-7c"/>
      </symbol>
      <symbol id="sm-4c4">
         <name>uxTaskPriorityGet</name>
         <value>0x68d</value>
         <object_component_ref idref="oc-7c"/>
      </symbol>
      <symbol id="sm-4c5">
         <name>vTaskStepTick</name>
         <value>0xc79</value>
         <object_component_ref idref="oc-7c"/>
      </symbol>
      <symbol id="sm-4c6">
         <name>xTaskResumeAll</name>
         <value>0xa69</value>
         <object_component_ref idref="oc-7c"/>
      </symbol>
      <symbol id="sm-4c7">
         <name>xTaskGetTickCount</name>
         <value>0xb3d</value>
         <object_component_ref idref="oc-7c"/>
      </symbol>
      <symbol id="sm-4c8">
         <name>uxTaskGetSystemState</name>
         <value>0xb9d</value>
         <object_component_ref idref="oc-7c"/>
      </symbol>
      <symbol id="sm-4c9">
         <name>vTaskDelete</name>
         <value>0x465</value>
         <object_component_ref idref="oc-7c"/>
      </symbol>
      <symbol id="sm-4ca">
         <name>pxCurrentTCB</name>
         <value>0x20002b00</value>
         <object_component_ref idref="oc-76"/>
      </symbol>
      <symbol id="sm-4cb">
         <name>vTaskNotifyGiveFromISR</name>
         <value>0x1ac9</value>
         <object_component_ref idref="oc-7c"/>
      </symbol>
      <symbol id="sm-4cc">
         <name>eTaskGetState</name>
         <value>0x5dd</value>
         <object_component_ref idref="oc-7c"/>
      </symbol>
      <symbol id="sm-4cd">
         <name>vTaskSuspend</name>
         <value>0x811</value>
         <object_component_ref idref="oc-7c"/>
      </symbol>
      <symbol id="sm-4ce">
         <name>xTaskGetTickCountFromISR</name>
         <value>0xb4d</value>
         <object_component_ref idref="oc-7c"/>
      </symbol>
      <symbol id="sm-4cf">
         <name>vTaskResume</name>
         <value>0x925</value>
         <object_component_ref idref="oc-7c"/>
      </symbol>
      <symbol id="sm-4d0">
         <name>vTaskPlaceOnEventListRestricted</name>
         <value>0xe2b</value>
         <object_component_ref idref="oc-7c"/>
      </symbol>
      <symbol id="sm-4d1">
         <name>vTaskSetTimeOutState</name>
         <value>0xf4d</value>
         <object_component_ref idref="oc-7c"/>
      </symbol>
      <symbol id="sm-4d2">
         <name>xTaskIncrementTick</name>
         <value>0xc99</value>
         <object_component_ref idref="oc-7c"/>
      </symbol>
      <symbol id="sm-4d3">
         <name>vTaskSwitchContext</name>
         <value>0xd7d</value>
         <object_component_ref idref="oc-7c"/>
      </symbol>
      <symbol id="sm-4d4">
         <name>uxTaskResetEventItemValue</name>
         <value>0x1777</value>
         <object_component_ref idref="oc-7c"/>
      </symbol>
      <symbol id="sm-4d5">
         <name>xTaskGetSchedulerState</name>
         <value>0x1379</value>
         <object_component_ref idref="oc-7c"/>
      </symbol>
      <symbol id="sm-4d6">
         <name>xTaskGetCurrentTaskHandle</name>
         <value>0x135d</value>
         <object_component_ref idref="oc-7c"/>
      </symbol>
      <symbol id="sm-4d7">
         <name>vTaskPlaceOnUnorderedEventList</name>
         <value>0xe01</value>
         <object_component_ref idref="oc-7c"/>
      </symbol>
      <symbol id="sm-4d8">
         <name>xTaskRemoveFromEventList</name>
         <value>0xe5d</value>
         <object_component_ref idref="oc-7c"/>
      </symbol>
      <symbol id="sm-4d9">
         <name>eTaskConfirmSleepModeStatus</name>
         <value>0x10a1</value>
         <object_component_ref idref="oc-7c"/>
      </symbol>
      <symbol id="sm-4da">
         <name>xTaskPriorityInherit</name>
         <value>0x13bd</value>
         <object_component_ref idref="oc-7c"/>
      </symbol>
      <symbol id="sm-57e">
         <name>vTimerSetTimerNumber</name>
         <value>0x3ad3</value>
         <object_component_ref idref="oc-f3"/>
      </symbol>
      <symbol id="sm-57f">
         <name>xTimerGetTimerDaemonTaskHandle</name>
         <value>0x356f</value>
         <object_component_ref idref="oc-f3"/>
      </symbol>
      <symbol id="sm-580">
         <name>pcTimerGetName</name>
         <value>0x35d3</value>
         <object_component_ref idref="oc-f3"/>
      </symbol>
      <symbol id="sm-581">
         <name>xTimerCreateTimerTask</name>
         <value>0x3451</value>
         <object_component_ref idref="oc-f3"/>
      </symbol>
      <symbol id="sm-582">
         <name>xTimerGetExpiryTime</name>
         <value>0x35bd</value>
         <object_component_ref idref="oc-f3"/>
      </symbol>
      <symbol id="sm-583">
         <name>uxTimerGetTimerNumber</name>
         <value>0x3ac5</value>
         <object_component_ref idref="oc-f3"/>
      </symbol>
      <symbol id="sm-584">
         <name>xTimerIsTimerActive</name>
         <value>0x39fd</value>
         <object_component_ref idref="oc-f3"/>
      </symbol>
      <symbol id="sm-585">
         <name>xTimerGetPeriod</name>
         <value>0x3575</value>
         <object_component_ref idref="oc-f3"/>
      </symbol>
      <symbol id="sm-586">
         <name>xTimerCreate</name>
         <value>0x347b</value>
         <object_component_ref idref="oc-f3"/>
      </symbol>
      <symbol id="sm-587">
         <name>vTimerSetReloadMode</name>
         <value>0x3587</value>
         <object_component_ref idref="oc-f3"/>
      </symbol>
      <symbol id="sm-588">
         <name>xTimerGenericCommand</name>
         <value>0x3503</value>
         <object_component_ref idref="oc-f3"/>
      </symbol>
      <symbol id="sm-589">
         <name>pvTimerGetTimerID</name>
         <value>0x3a25</value>
         <object_component_ref idref="oc-f3"/>
      </symbol>
      <symbol id="sm-58a">
         <name>xTimerPendFunctionCallFromISR</name>
         <value>0x3a59</value>
         <object_component_ref idref="oc-f3"/>
      </symbol>
      <symbol id="sm-58b">
         <name>xTimerPendFunctionCall</name>
         <value>0x3a8f</value>
         <object_component_ref idref="oc-f3"/>
      </symbol>
      <symbol id="sm-58c">
         <name>vTimerSetTimerID</name>
         <value>0x3a3f</value>
         <object_component_ref idref="oc-f3"/>
      </symbol>
      <symbol id="sm-5a8">
         <name>ResetISR</name>
         <value>0x59fb</value>
         <object_component_ref idref="oc-24"/>
      </symbol>
      <symbol id="sm-5a9">
         <name>g_pfnVectors</name>
         <value>0x0</value>
         <object_component_ref idref="oc-f"/>
      </symbol>
      <symbol id="sm-5d0">
         <name>sprintf</name>
         <value>0x5831</value>
         <object_component_ref idref="oc-10e"/>
      </symbol>
      <symbol id="sm-5eb">
         <name>memcpy</name>
         <value>0x5225</value>
         <object_component_ref idref="oc-43"/>
      </symbol>
      <symbol id="sm-5ec">
         <name>__aeabi_memcpy</name>
         <value>0x5225</value>
         <object_component_ref idref="oc-43"/>
      </symbol>
      <symbol id="sm-5ed">
         <name>__aeabi_memcpy8</name>
         <value>0x5225</value>
         <object_component_ref idref="oc-43"/>
      </symbol>
      <symbol id="sm-5ee">
         <name>__aeabi_memcpy4</name>
         <value>0x5225</value>
         <object_component_ref idref="oc-43"/>
      </symbol>
      <symbol id="sm-5fd">
         <name>__aeabi_memset</name>
         <value>0x5465</value>
         <object_component_ref idref="oc-b3"/>
      </symbol>
      <symbol id="sm-5fe">
         <name>memset</name>
         <value>0x546b</value>
         <object_component_ref idref="oc-b3"/>
      </symbol>
      <symbol id="sm-5ff">
         <name>__aeabi_memset8</name>
         <value>0x5465</value>
         <object_component_ref idref="oc-b3"/>
      </symbol>
      <symbol id="sm-600">
         <name>__aeabi_memset4</name>
         <value>0x5465</value>
         <object_component_ref idref="oc-b3"/>
      </symbol>
      <symbol id="sm-601">
         <name>__aeabi_memclr8</name>
         <value>0x5463</value>
         <object_component_ref idref="oc-b3"/>
      </symbol>
      <symbol id="sm-602">
         <name>__aeabi_memclr4</name>
         <value>0x5463</value>
         <object_component_ref idref="oc-b3"/>
      </symbol>
      <symbol id="sm-603">
         <name>__aeabi_memclr</name>
         <value>0x5463</value>
         <object_component_ref idref="oc-b3"/>
      </symbol>
      <symbol id="sm-615">
         <name>__TI_zero_init</name>
         <value>0x59ef</value>
         <object_component_ref idref="oc-55"/>
      </symbol>
      <symbol id="sm-62c">
         <name>__TI_decompress_none</name>
         <value>0x59e1</value>
         <object_component_ref idref="oc-18"/>
      </symbol>
      <symbol id="sm-64f">
         <name>__TI_decompress_lzss</name>
         <value>0x554b</value>
         <object_component_ref idref="oc-12"/>
      </symbol>
      <symbol id="sm-65d">
         <name>strcpy</name>
         <value>0x59a7</value>
         <object_component_ref idref="oc-102"/>
      </symbol>
      <symbol id="sm-66b">
         <name>strlen</name>
         <value>0x59bb</value>
         <object_component_ref idref="oc-108"/>
      </symbol>
      <symbol id="sm-67e">
         <name>__stack</name>
         <value>0x20002900</value>
         <object_component_ref idref="oc-21"/>
      </symbol>
      <symbol id="sm-67f">
         <name>_c_int00_noargs</name>
         <value>0x58b1</value>
         <object_component_ref idref="oc-61"/>
      </symbol>
      <symbol id="sm-7e4">
         <name>__TI_printfi</name>
         <value>0x2a01</value>
         <object_component_ref idref="oc-1dc"/>
      </symbol>
      <symbol id="sm-804">
         <name>frexpl</name>
         <value>0x55b5</value>
         <object_component_ref idref="oc-317"/>
      </symbol>
      <symbol id="sm-805">
         <name>frexp</name>
         <value>0x55b5</value>
         <object_component_ref idref="oc-317"/>
      </symbol>
      <symbol id="sm-822">
         <name>scalbn</name>
         <value>0x4ded</value>
         <object_component_ref idref="oc-31d"/>
      </symbol>
      <symbol id="sm-823">
         <name>scalbnl</name>
         <value>0x4ded</value>
         <object_component_ref idref="oc-31d"/>
      </symbol>
      <symbol id="sm-824">
         <name>ldexpl</name>
         <value>0x4ded</value>
         <object_component_ref idref="oc-31d"/>
      </symbol>
      <symbol id="sm-825">
         <name>ldexp</name>
         <value>0x4ded</value>
         <object_component_ref idref="oc-31d"/>
      </symbol>
      <symbol id="sm-82f">
         <name>copysign</name>
         <value>0x595f</value>
         <object_component_ref idref="oc-376"/>
      </symbol>
      <symbol id="sm-830">
         <name>copysignl</name>
         <value>0x595f</value>
         <object_component_ref idref="oc-376"/>
      </symbol>
      <symbol id="sm-83d">
         <name>__aeabi_uldivmod</name>
         <value>0x52c1</value>
         <object_component_ref idref="oc-2d1"/>
      </symbol>
      <symbol id="sm-854">
         <name>__aeabi_dsub</name>
         <value>0x4775</value>
         <object_component_ref idref="oc-2f7"/>
      </symbol>
      <symbol id="sm-855">
         <name>__aeabi_dadd</name>
         <value>0x477f</value>
         <object_component_ref idref="oc-2f7"/>
      </symbol>
      <symbol id="sm-877">
         <name>__aeabi_cdcmpeq</name>
         <value>0x5357</value>
         <object_component_ref idref="oc-257"/>
      </symbol>
      <symbol id="sm-878">
         <name>__aeabi_cdcmple</name>
         <value>0x5357</value>
         <object_component_ref idref="oc-257"/>
      </symbol>
      <symbol id="sm-879">
         <name>__aeabi_cdrcmple</name>
         <value>0x53dd</value>
         <object_component_ref idref="oc-2e2"/>
      </symbol>
      <symbol id="sm-88d">
         <name>__aeabi_ddiv</name>
         <value>0x4a69</value>
         <object_component_ref idref="oc-2dd"/>
      </symbol>
      <symbol id="sm-898">
         <name>__aeabi_dmul</name>
         <value>0x4efd</value>
         <object_component_ref idref="oc-2d8"/>
      </symbol>
      <symbol id="sm-8a2">
         <name>__aeabi_d2iz</name>
         <value>0x5761</value>
         <object_component_ref idref="oc-2e7"/>
      </symbol>
      <symbol id="sm-8ac">
         <name>__aeabi_i2d</name>
         <value>0x5915</value>
         <object_component_ref idref="oc-2f2"/>
      </symbol>
      <symbol id="sm-8d4">
         <name>__TI_auto_init_nobinit_nopinit</name>
         <value>0x57ed</value>
         <object_component_ref idref="oc-15f"/>
      </symbol>
      <symbol id="sm-8de">
         <name>_system_pre_init</name>
         <value>0x5a19</value>
         <object_component_ref idref="oc-b9"/>
      </symbol>
      <symbol id="sm-8ea">
         <name>C$$EXIT</name>
         <value>0x5a1d</value>
         <object_component_ref idref="oc-153"/>
      </symbol>
      <symbol id="sm-8eb">
         <name>abort</name>
         <value>0x5a1d</value>
         <object_component_ref idref="oc-153"/>
      </symbol>
      <symbol id="sm-903">
         <name>atoi</name>
         <value>0x5715</value>
         <object_component_ref idref="oc-24b"/>
      </symbol>
      <symbol id="sm-90e">
         <name>_ctypes_</name>
         <value>0x5a20</value>
         <object_component_ref idref="oc-2cc"/>
      </symbol>
      <symbol id="sm-91d">
         <name>ltoa</name>
         <value>0x566f</value>
         <object_component_ref idref="oc-2ec"/>
      </symbol>
      <symbol id="sm-92d">
         <name>memccpy</name>
         <value>0x5943</value>
         <object_component_ref idref="oc-274"/>
      </symbol>
      <symbol id="sm-93d">
         <name>strchr</name>
         <value>0x5991</value>
         <object_component_ref idref="oc-323"/>
      </symbol>
      <symbol id="sm-953">
         <name>__aeabi_errno_addr</name>
         <value>0x5a11</value>
         <object_component_ref idref="oc-280"/>
      </symbol>
      <symbol id="sm-954">
         <name>errno</name>
         <value>0x20002b60</value>
         <object_component_ref idref="oc-333"/>
      </symbol>
      <symbol id="sm-96d">
         <name>wcslen</name>
         <value>0x59cf</value>
         <object_component_ref idref="oc-27a"/>
      </symbol>
      <symbol id="sm-977">
         <name>__aeabi_idiv0</name>
         <value>0x29ff</value>
         <object_component_ref idref="oc-35d"/>
      </symbol>
      <symbol id="sm-978">
         <name>__aeabi_ldiv0</name>
         <value>0x29ff</value>
         <object_component_ref idref="oc-35d"/>
      </symbol>
      <symbol id="sm-979">
         <name>__TI_static_base__</name>
         <value>0x0</value>
      </symbol>
      <symbol id="sm-97c">
         <name>__mpu_init</name>
         <value>0x0</value>
      </symbol>
      <symbol id="sm-97d">
         <name>_system_post_cinit</name>
         <value>0x0</value>
      </symbol>
   </symbol_table>
   <title>Link successful</title>
</link_info>
